r1 = new stamp.stanford.malware.Malware
$r0 = new java.util.ArrayList
$r1 = new edu.stanford.stamp.harness.ApplicationDriver
$r1 = new android.content.Intent
$r1 = new android.content.Intent
$r1 = new android.content.Intent
$r1 = new android.content.Intent
$r1 = new android.content.Intent
$r0 = new android.telephony.TelephonyManager
$r0 = new android.location.LocationManager
$r1 = new java.lang.RuntimeException
$r2 = new android.app.Activity$1
$r4 = new android.app.Activity$2
$r6 = new android.app.Activity$3
$r8 = new android.app.Activity$4
$r10 = new android.app.Activity$5
$r12 = new android.app.Activity$6
$r14 = new android.app.Activity$7
$r16 = new android.app.Activity$8
$r18 = new android.app.Activity$9
$r20 = new android.app.Activity$10
$r22 = new android.app.Activity$11
$r24 = new android.app.Activity$12
$r26 = new android.app.Activity$13
$r28 = new android.app.Activity$14
$r30 = new android.app.Activity$15
$r32 = new android.app.Activity$16
$r34 = new android.app.Activity$17
$r36 = new android.app.Activity$18
$r38 = new android.app.Activity$19
$r40 = new android.app.Activity$20
$r42 = new android.app.Activity$21
$r44 = new android.app.Activity$22
$r46 = new android.app.Activity$23
$r48 = new android.app.Activity$24
$r50 = new android.app.Activity$25
$r52 = new android.app.Activity$26
$r54 = new android.app.Activity$27
$r56 = new android.app.Activity$28
$r58 = new android.app.Activity$29
$r60 = new android.app.Activity$30
$r62 = new android.app.Activity$31
$r64 = new android.app.Activity$32
$r66 = new android.app.Activity$33
$r68 = new android.app.Activity$34
$r70 = new android.app.Activity$35
$r72 = new android.app.Activity$36
$r74 = new android.app.Activity$37
$r76 = new android.app.Activity$38
$r78 = new android.app.Activity$39
$r80 = new android.app.Activity$40
$r82 = new android.app.Activity$41
$r84 = new android.app.Activity$42
$r86 = new android.app.Activity$43
$r88 = new android.app.Activity$44
$r90 = new android.app.Activity$45
$r92 = new android.app.Activity$46
$r94 = new android.app.Activity$47
$r96 = new android.app.Activity$48
$r98 = new android.app.Activity$49
$r100 = new android.app.Activity$50
$r102 = new android.app.Activity$51
$r104 = new android.app.Activity$52
$r5 = new stamp.stanford.malware.Malware$MyLocationListener
$r1 = new android.os.Bundle
$r2 = new java.lang.RuntimeException
$r1 = new android.telephony.cdma.CdmaCellLocation
$r2 = new android.telephony.gsm.GsmCellLocation
$r2 = new stamp.stanford.malware.Malware$LeakInfo
$r6 = newarray (java.lang.String)[$b0]
$r4 = new java.lang.StringBuilder
$r2 = new java.lang.RuntimeException
$r1 = new java.lang.RuntimeException
$r1 = new java.lang.String
$r1 = new java.lang.RuntimeException
$r1 = new java.lang.String
$r1 = new android.location.Location
$r1 = new java.lang.RuntimeException
$r2 = new java.lang.RuntimeException
$r1 = new java.lang.RuntimeException
$r1 = new java.lang.RuntimeException
$r1 = new java.lang.RuntimeException
$r1 = new java.lang.RuntimeException
$r1 = new java.lang.String
$r1 = new java.lang.RuntimeException
$r1 = new java.lang.RuntimeException
$r2 = new java.lang.RuntimeException
$r1 = new java.lang.RuntimeException
$r2 = new android.test.mock.MockContentResolver
$r3 = new java.lang.RuntimeException
$r3 = new android.location.LocationManager$1
$r1 = new java.lang.RuntimeException
$r1 = new java.lang.RuntimeException
$r1 = new java.lang.RuntimeException
$r1 = new java.lang.RuntimeException
$r2 = new java.lang.RuntimeException
$r1 = new java.lang.RuntimeException
$r2 = new org.apache.http.impl.client.DefaultHttpClient
$r5 = new org.apache.http.client.methods.HttpGet
$r2 = new android.test.mock.MockContentProvider
$r3 = new java.lang.RuntimeException
$r3 = new java.lang.RuntimeException
$r2 = new java.lang.String
$r2 = new java.lang.RuntimeException
$r3 = new java.lang.RuntimeException
$r1 = new java.lang.RuntimeException
$r1 = new java.lang.RuntimeException
$r1 = new java.lang.RuntimeException
