specialinvoke r1.<stamp.stanford.malware.Malware: void <init>()>()
staticinvoke <edu.stanford.stamp.harness.ApplicationDriver: void callCallbacks()>()
$r1 = interfaceinvoke $r0.<java.util.List: java.lang.Object get(int)>(0)
virtualinvoke $r2.<edu.stanford.stamp.harness.Callback: void run()>()
specialinvoke $r0.<java.util.ArrayList: void <init>()>()
specialinvoke $r1.<edu.stanford.stamp.harness.ApplicationDriver: void <init>()>()
specialinvoke $r0.<android.app.Activity: void <init>()>()
virtualinvoke $r1.<android.app.Activity: void onRestoreInstanceState(android.os.Bundle)>(null)
virtualinvoke $r1.<android.app.Activity: void onPause()>()
virtualinvoke $r1.<android.app.Activity: void onRestart()>()
virtualinvoke $r1.<android.app.Activity: void onStart()>()
virtualinvoke $r1.<android.app.Activity: void onCreate(android.os.Bundle)>(null)
virtualinvoke $r1.<android.app.Activity: void onDestroy()>()
virtualinvoke $r1.<android.app.Activity: void onStop()>()
virtualinvoke $r1.<android.app.Activity: void onPostResume()>()
virtualinvoke $r1.<android.app.Activity: void onResume()>()
virtualinvoke $r1.<android.app.Activity: boolean onKeyDown(int,android.view.KeyEvent)>(0, null)
virtualinvoke $r1.<android.app.Activity: void onLowMemory()>()
virtualinvoke $r1.<android.app.Activity: void onPostCreate(android.os.Bundle)>(null)
virtualinvoke $r1.<android.app.Activity: void onNewIntent(android.content.Intent)>(null)
virtualinvoke $r1.<android.app.Activity: void onSaveInstanceState(android.os.Bundle)>(null)
virtualinvoke $r1.<android.app.Activity: void onUserLeaveHint()>()
virtualinvoke $r1.<android.app.Activity: boolean onCreateThumbnail(android.graphics.Bitmap,android.graphics.Canvas)>(null, null)
virtualinvoke $r1.<android.app.Activity: java.lang.CharSequence onCreateDescription()>()
virtualinvoke $r1.<android.app.Activity: void onConfigurationChanged(android.content.res.Configuration)>(null)
virtualinvoke $r1.<android.app.Activity: java.lang.Object onRetainNonConfigurationInstance()>()
virtualinvoke $r1.<android.app.Activity: boolean onKeyLongPress(int,android.view.KeyEvent)>(0, null)
virtualinvoke $r1.<android.app.Activity: boolean onKeyMultiple(int,int,android.view.KeyEvent)>(0, 0, null)
virtualinvoke $r1.<android.app.Activity: boolean onKeyUp(int,android.view.KeyEvent)>(0, null)
virtualinvoke $r1.<android.app.Activity: boolean onTouchEvent(android.view.MotionEvent)>(null)
virtualinvoke $r1.<android.app.Activity: void onBackPressed()>()
virtualinvoke $r1.<android.app.Activity: void onUserInteraction()>()
virtualinvoke $r1.<android.app.Activity: boolean onTrackballEvent(android.view.MotionEvent)>(null)
virtualinvoke $r1.<android.app.Activity: void onContentChanged()>()
virtualinvoke $r1.<android.app.Activity: void onWindowAttributesChanged(android.view.WindowManager$LayoutParams)>(null)
virtualinvoke $r1.<android.app.Activity: void onWindowFocusChanged(boolean)>(0)
virtualinvoke $r1.<android.app.Activity: void onDetachedFromWindow()>()
virtualinvoke $r1.<android.app.Activity: void onAttachedToWindow()>()
virtualinvoke $r1.<android.app.Activity: boolean onMenuItemSelected(int,android.view.MenuItem)>(0, null)
virtualinvoke $r1.<android.app.Activity: boolean onMenuOpened(int,android.view.Menu)>(0, null)
virtualinvoke $r1.<android.app.Activity: boolean onPreparePanel(int,android.view.View,android.view.Menu)>(0, null, null)
virtualinvoke $r1.<android.app.Activity: boolean onCreatePanelMenu(int,android.view.Menu)>(0, null)
virtualinvoke $r1.<android.app.Activity: boolean onOptionsItemSelected(android.view.MenuItem)>(null)
virtualinvoke $r1.<android.app.Activity: boolean onPrepareOptionsMenu(android.view.Menu)>(null)
virtualinvoke $r1.<android.app.Activity: boolean onCreateOptionsMenu(android.view.Menu)>(null)
virtualinvoke $r1.<android.app.Activity: void onPanelClosed(int,android.view.Menu)>(0, null)
virtualinvoke $r1.<android.app.Activity: void onOptionsMenuClosed(android.view.Menu)>(null)
virtualinvoke $r1.<android.app.Activity: boolean dispatchKeyEvent(android.view.KeyEvent)>(null)
virtualinvoke $r1.<android.app.Activity: void onCreateContextMenu(android.view.ContextMenu,android.view.View,android.view.ContextMenu$ContextMenuInfo)>(null, null, null)
virtualinvoke $r1.<android.app.Activity: android.view.View onCreatePanelView(int)>(0)
virtualinvoke $r1.<android.app.Activity: boolean dispatchPopulateAccessibilityEvent(android.view.accessibility.AccessibilityEvent)>(null)
virtualinvoke $r1.<android.app.Activity: boolean onSearchRequested()>()
virtualinvoke $r1.<android.app.Activity: boolean dispatchTouchEvent(android.view.MotionEvent)>(null)
virtualinvoke $r1.<android.app.Activity: boolean dispatchKeyShortcutEvent(android.view.KeyEvent)>(null)
virtualinvoke $r1.<android.app.Activity: boolean dispatchGenericMotionEvent(android.view.MotionEvent)>(null)
virtualinvoke $r1.<android.app.Activity: boolean dispatchTrackballEvent(android.view.MotionEvent)>(null)
specialinvoke $r1.<android.content.Intent: void <init>()>()
virtualinvoke $r2.<android.app.Activity: void onActivityResult(int,int,android.content.Intent)>(0, 0, $r1)
virtualinvoke $r1.<android.app.Activity: void onActionModeFinished(android.view.ActionMode)>(null)
virtualinvoke $r1.<android.app.Activity: void onActionModeStarted(android.view.ActionMode)>(null)
virtualinvoke $r1.<android.app.Activity: android.view.ActionMode onWindowStartingActionMode(android.view.ActionMode$Callback)>(null)
specialinvoke $r1.<android.content.Intent: void <init>()>()
virtualinvoke $r2.<android.app.Activity: void onActivityResult(int,int,android.content.Intent)>(0, 0, $r1)
interfaceinvoke $r1.<android.view.View$OnLongClickListener: boolean onLongClick(android.view.View)>($r2)
interfaceinvoke $r1.<android.view.View$OnClickListener: void onClick(android.view.View)>($r2)
interfaceinvoke $r1.<android.view.View$OnFocusChangeListener: void onFocusChange(android.view.View,boolean)>($r2, 0)
virtualinvoke $r1.<android.view.View: void onFinishInflate()>()
virtualinvoke $r2.<android.view.View: void onMeasure(int,int)>(0, 0)
virtualinvoke $r3.<android.view.View: void onLayout(boolean,int,int,int,int)>(0, 0, 0, 0, 0)
virtualinvoke $r4.<android.view.View: void onSizeChanged(int,int,int,int)>(0, 0, 0, 0)
virtualinvoke $r5.<android.view.View: void onDraw(android.graphics.Canvas)>(null)
virtualinvoke $r6.<android.view.View: boolean onTouchEvent(android.view.MotionEvent)>(null)
virtualinvoke $r7.<android.view.View: boolean onTrackballEvent(android.view.MotionEvent)>(null)
virtualinvoke $r8.<android.view.View: boolean onKeyUp(int,android.view.KeyEvent)>(0, null)
virtualinvoke $r9.<android.view.View: boolean onKeyDown(int,android.view.KeyEvent)>(0, null)
virtualinvoke $r10.<android.view.View: void onFocusChanged(boolean,int,android.graphics.Rect)>(0, 0, null)
virtualinvoke $r11.<android.view.View: void onWindowFocusChanged(boolean)>(0)
virtualinvoke $r12.<android.view.View: void onAttachedToWindow()>()
virtualinvoke $r13.<android.view.View: void onDetachedFromWindow()>()
virtualinvoke $r14.<android.view.View: void onWindowVisibilityChanged(int)>(0)
interfaceinvoke $r1.<android.view.View$OnKeyListener: boolean onKey(android.view.View,int,android.view.KeyEvent)>($r2, 0, null)
interfaceinvoke $r1.<android.view.View$OnCreateContextMenuListener: void onCreateContextMenu(android.view.ContextMenu,android.view.View,android.view.ContextMenu$ContextMenuInfo)>(null, $r2, null)
interfaceinvoke $r1.<android.view.View$OnTouchListener: boolean onTouch(android.view.View,android.view.MotionEvent)>($r2, null)
virtualinvoke $r1.<android.app.Fragment: void onHiddenChanged(boolean)>(0)
virtualinvoke $r2.<android.app.Fragment: void onActivityResult(int,int,android.content.Intent)>(0, 0, null)
virtualinvoke $r3.<android.app.Fragment: void onInflate(android.util.AttributeSet,android.os.Bundle)>(null, null)
virtualinvoke $r4.<android.app.Fragment: void onInflate(android.app.Activity,android.util.AttributeSet,android.os.Bundle)>(null, null, null)
virtualinvoke $r5.<android.app.Fragment: void onAttach(android.app.Activity)>(null)
virtualinvoke $r6.<android.app.Fragment: void onCreate(android.os.Bundle)>(null)
virtualinvoke $r7.<android.app.Fragment: void onViewCreated(android.view.View,android.os.Bundle)>(null, null)
virtualinvoke $r8.<android.app.Fragment: android.view.View onCreateView(android.view.LayoutInflater,android.view.ViewGroup,android.os.Bundle)>(null, null, null)
virtualinvoke $r10.<android.app.Fragment: void onActivityCreated(android.os.Bundle)>(null)
virtualinvoke $r11.<android.app.Fragment: void onStart()>()
virtualinvoke $r12.<android.app.Fragment: void onResume()>()
virtualinvoke $r13.<android.app.Fragment: void onSaveInstanceState(android.os.Bundle)>(null)
virtualinvoke $r14.<android.app.Fragment: void onConfigurationChanged(android.content.res.Configuration)>(null)
virtualinvoke $r15.<android.app.Fragment: void onPause()>()
virtualinvoke $r16.<android.app.Fragment: void onStop()>()
virtualinvoke $r17.<android.app.Fragment: void onLowMemory()>()
virtualinvoke $r18.<android.app.Fragment: void onTrimMemory(int)>(0)
virtualinvoke $r19.<android.app.Fragment: void onDestroyView()>()
virtualinvoke $r20.<android.app.Fragment: void onDestroy()>()
virtualinvoke $r21.<android.app.Fragment: void onDetach()>()
virtualinvoke $r22.<android.app.Fragment: void onCreateOptionsMenu(android.view.Menu,android.view.MenuInflater)>(null, null)
virtualinvoke $r23.<android.app.Fragment: void onPrepareOptionsMenu(android.view.Menu)>(null)
virtualinvoke $r24.<android.app.Fragment: void onDestroyOptionsMenu()>()
virtualinvoke $r25.<android.app.Fragment: boolean onOptionsItemSelected(android.view.MenuItem)>(null)
virtualinvoke $r26.<android.app.Fragment: void onOptionsMenuClosed(android.view.Menu)>(null)
virtualinvoke $r27.<android.app.Fragment: void onCreateContextMenu(android.view.ContextMenu,android.view.View,android.view.ContextMenu$ContextMenuInfo)>(null, null, null)
virtualinvoke $r28.<android.app.Fragment: boolean onContextItemSelected(android.view.MenuItem)>(null)
specialinvoke $r1.<android.content.Intent: void <init>()>()
virtualinvoke $r2.<android.content.BroadcastReceiver: void onReceive(android.content.Context,android.content.Intent)>($r3, $r1)
specialinvoke $r1.<android.content.Intent: void <init>()>()
virtualinvoke $r2.<android.content.BroadcastReceiver: void onReceive(android.content.Context,android.content.Intent)>($r3, $r1)
virtualinvoke $r1.<android.database.ContentObserver: void onChange(boolean)>(1)
staticinvoke <java.lang.Thread: void sleep(long)>($l0)
virtualinvoke $r3.<android.os.Handler: void handleMessage(android.os.Message)>($r4)
interfaceinvoke $r1.<java.lang.Runnable: void run()>()
virtualinvoke $r1.<android.os.Handler: void handleMessage(android.os.Message)>($r2)
interfaceinvoke $r1.<java.lang.Runnable: void run()>()
virtualinvoke $r1.<android.os.Handler: void handleMessage(android.os.Message)>($r2)
interfaceinvoke $r1.<java.lang.Runnable: void run()>()
interfaceinvoke $r1.<java.lang.Runnable: void run()>()
interfaceinvoke $r1.<java.lang.Runnable: void run()>()
virtualinvoke $r1.<android.os.Handler: void handleMessage(android.os.Message)>(null)
virtualinvoke $r1.<android.os.Handler: void handleMessage(android.os.Message)>(null)
virtualinvoke $r1.<android.os.Handler: void handleMessage(android.os.Message)>($r2)
virtualinvoke $r1.<android.os.Handler: void handleMessage(android.os.Message)>(null)
specialinvoke $r1.<android.content.Intent: void <init>()>()
virtualinvoke $r2.<android.content.BroadcastReceiver: void onReceive(android.content.Context,android.content.Intent)>(null, $r1)
$r3 = staticinvoke <android.telephony.TelephonyManager: java.lang.String access$000(android.telephony.TelephonyManager)>($r2)
virtualinvoke $r1.<android.telephony.PhoneStateListener: void onCallStateChanged(int,java.lang.String)>(0, $r3)
$r6 = virtualinvoke $r5.<android.telephony.TelephonyManager: android.telephony.CellLocation getCellLocation()>()
virtualinvoke $r4.<android.telephony.PhoneStateListener: void onCellLocationChanged(android.telephony.CellLocation)>($r6)
$r3 = staticinvoke <android.location.LocationManager: java.lang.String access$100(android.location.LocationManager)>($r2)
interfaceinvoke $r1.<android.location.GpsStatus$NmeaListener: void onNmeaReceived(long,java.lang.String)>(0L, $r3)
$r3 = staticinvoke <android.location.LocationManager: android.location.Location access$000(android.location.LocationManager)>($r2)
interfaceinvoke $r1.<android.location.LocationListener: void onLocationChanged(android.location.Location)>($r3)
specialinvoke $r0.<java.lang.RuntimeException: void <init>(java.lang.String)>("Stub!")
specialinvoke $r0.<android.telephony.TelephonyManager: void <init>()>()
$r1 = specialinvoke r0.<android.telephony.TelephonyManager: java.lang.String incomingCallNumber()>()
specialinvoke $r0.<android.location.LocationManager: void <init>()>()
$r1 = specialinvoke r0.<android.location.LocationManager: java.lang.String getNmea()>()
$r1 = specialinvoke r0.<android.location.LocationManager: android.location.Location getLocation()>()
specialinvoke r0.<java.util.AbstractList: void <init>()>()
specialinvoke $r1.<java.lang.RuntimeException: void <init>(java.lang.String)>("Stub!")
specialinvoke r0.<java.lang.Object: void <init>()>()
specialinvoke r0.<android.view.ContextThemeWrapper: void <init>()>()
staticinvoke <edu.stanford.stamp.harness.ApplicationDriver: edu.stanford.stamp.harness.ApplicationDriver getInstance()>()
specialinvoke $r2.<android.app.Activity$1: void <init>(android.app.Activity)>(r0)
staticinvoke <edu.stanford.stamp.harness.ApplicationDriver: void registerCallback(edu.stanford.stamp.harness.Callback)>($r2)
staticinvoke <edu.stanford.stamp.harness.ApplicationDriver: edu.stanford.stamp.harness.ApplicationDriver getInstance()>()
specialinvoke $r4.<android.app.Activity$2: void <init>(android.app.Activity)>(r0)
staticinvoke <edu.stanford.stamp.harness.ApplicationDriver: void registerCallback(edu.stanford.stamp.harness.Callback)>($r4)
staticinvoke <edu.stanford.stamp.harness.ApplicationDriver: edu.stanford.stamp.harness.ApplicationDriver getInstance()>()
specialinvoke $r6.<android.app.Activity$3: void <init>(android.app.Activity)>(r0)
staticinvoke <edu.stanford.stamp.harness.ApplicationDriver: void registerCallback(edu.stanford.stamp.harness.Callback)>($r6)
staticinvoke <edu.stanford.stamp.harness.ApplicationDriver: edu.stanford.stamp.harness.ApplicationDriver getInstance()>()
specialinvoke $r8.<android.app.Activity$4: void <init>(android.app.Activity)>(r0)
staticinvoke <edu.stanford.stamp.harness.ApplicationDriver: void registerCallback(edu.stanford.stamp.harness.Callback)>($r8)
staticinvoke <edu.stanford.stamp.harness.ApplicationDriver: edu.stanford.stamp.harness.ApplicationDriver getInstance()>()
specialinvoke $r10.<android.app.Activity$5: void <init>(android.app.Activity)>(r0)
staticinvoke <edu.stanford.stamp.harness.ApplicationDriver: void registerCallback(edu.stanford.stamp.harness.Callback)>($r10)
staticinvoke <edu.stanford.stamp.harness.ApplicationDriver: edu.stanford.stamp.harness.ApplicationDriver getInstance()>()
specialinvoke $r12.<android.app.Activity$6: void <init>(android.app.Activity)>(r0)
staticinvoke <edu.stanford.stamp.harness.ApplicationDriver: void registerCallback(edu.stanford.stamp.harness.Callback)>($r12)
staticinvoke <edu.stanford.stamp.harness.ApplicationDriver: edu.stanford.stamp.harness.ApplicationDriver getInstance()>()
specialinvoke $r14.<android.app.Activity$7: void <init>(android.app.Activity)>(r0)
staticinvoke <edu.stanford.stamp.harness.ApplicationDriver: void registerCallback(edu.stanford.stamp.harness.Callback)>($r14)
staticinvoke <edu.stanford.stamp.harness.ApplicationDriver: edu.stanford.stamp.harness.ApplicationDriver getInstance()>()
specialinvoke $r16.<android.app.Activity$8: void <init>(android.app.Activity)>(r0)
staticinvoke <edu.stanford.stamp.harness.ApplicationDriver: void registerCallback(edu.stanford.stamp.harness.Callback)>($r16)
staticinvoke <edu.stanford.stamp.harness.ApplicationDriver: edu.stanford.stamp.harness.ApplicationDriver getInstance()>()
specialinvoke $r18.<android.app.Activity$9: void <init>(android.app.Activity)>(r0)
staticinvoke <edu.stanford.stamp.harness.ApplicationDriver: void registerCallback(edu.stanford.stamp.harness.Callback)>($r18)
staticinvoke <edu.stanford.stamp.harness.ApplicationDriver: edu.stanford.stamp.harness.ApplicationDriver getInstance()>()
specialinvoke $r20.<android.app.Activity$10: void <init>(android.app.Activity)>(r0)
staticinvoke <edu.stanford.stamp.harness.ApplicationDriver: void registerCallback(edu.stanford.stamp.harness.Callback)>($r20)
staticinvoke <edu.stanford.stamp.harness.ApplicationDriver: edu.stanford.stamp.harness.ApplicationDriver getInstance()>()
specialinvoke $r22.<android.app.Activity$11: void <init>(android.app.Activity)>(r0)
staticinvoke <edu.stanford.stamp.harness.ApplicationDriver: void registerCallback(edu.stanford.stamp.harness.Callback)>($r22)
staticinvoke <edu.stanford.stamp.harness.ApplicationDriver: edu.stanford.stamp.harness.ApplicationDriver getInstance()>()
specialinvoke $r24.<android.app.Activity$12: void <init>(android.app.Activity)>(r0)
staticinvoke <edu.stanford.stamp.harness.ApplicationDriver: void registerCallback(edu.stanford.stamp.harness.Callback)>($r24)
staticinvoke <edu.stanford.stamp.harness.ApplicationDriver: edu.stanford.stamp.harness.ApplicationDriver getInstance()>()
specialinvoke $r26.<android.app.Activity$13: void <init>(android.app.Activity)>(r0)
staticinvoke <edu.stanford.stamp.harness.ApplicationDriver: void registerCallback(edu.stanford.stamp.harness.Callback)>($r26)
staticinvoke <edu.stanford.stamp.harness.ApplicationDriver: edu.stanford.stamp.harness.ApplicationDriver getInstance()>()
specialinvoke $r28.<android.app.Activity$14: void <init>(android.app.Activity)>(r0)
staticinvoke <edu.stanford.stamp.harness.ApplicationDriver: void registerCallback(edu.stanford.stamp.harness.Callback)>($r28)
staticinvoke <edu.stanford.stamp.harness.ApplicationDriver: edu.stanford.stamp.harness.ApplicationDriver getInstance()>()
specialinvoke $r30.<android.app.Activity$15: void <init>(android.app.Activity)>(r0)
staticinvoke <edu.stanford.stamp.harness.ApplicationDriver: void registerCallback(edu.stanford.stamp.harness.Callback)>($r30)
staticinvoke <edu.stanford.stamp.harness.ApplicationDriver: edu.stanford.stamp.harness.ApplicationDriver getInstance()>()
specialinvoke $r32.<android.app.Activity$16: void <init>(android.app.Activity)>(r0)
staticinvoke <edu.stanford.stamp.harness.ApplicationDriver: void registerCallback(edu.stanford.stamp.harness.Callback)>($r32)
staticinvoke <edu.stanford.stamp.harness.ApplicationDriver: edu.stanford.stamp.harness.ApplicationDriver getInstance()>()
specialinvoke $r34.<android.app.Activity$17: void <init>(android.app.Activity)>(r0)
staticinvoke <edu.stanford.stamp.harness.ApplicationDriver: void registerCallback(edu.stanford.stamp.harness.Callback)>($r34)
staticinvoke <edu.stanford.stamp.harness.ApplicationDriver: edu.stanford.stamp.harness.ApplicationDriver getInstance()>()
specialinvoke $r36.<android.app.Activity$18: void <init>(android.app.Activity)>(r0)
staticinvoke <edu.stanford.stamp.harness.ApplicationDriver: void registerCallback(edu.stanford.stamp.harness.Callback)>($r36)
staticinvoke <edu.stanford.stamp.harness.ApplicationDriver: edu.stanford.stamp.harness.ApplicationDriver getInstance()>()
specialinvoke $r38.<android.app.Activity$19: void <init>(android.app.Activity)>(r0)
staticinvoke <edu.stanford.stamp.harness.ApplicationDriver: void registerCallback(edu.stanford.stamp.harness.Callback)>($r38)
staticinvoke <edu.stanford.stamp.harness.ApplicationDriver: edu.stanford.stamp.harness.ApplicationDriver getInstance()>()
specialinvoke $r40.<android.app.Activity$20: void <init>(android.app.Activity)>(r0)
staticinvoke <edu.stanford.stamp.harness.ApplicationDriver: void registerCallback(edu.stanford.stamp.harness.Callback)>($r40)
staticinvoke <edu.stanford.stamp.harness.ApplicationDriver: edu.stanford.stamp.harness.ApplicationDriver getInstance()>()
specialinvoke $r42.<android.app.Activity$21: void <init>(android.app.Activity)>(r0)
staticinvoke <edu.stanford.stamp.harness.ApplicationDriver: void registerCallback(edu.stanford.stamp.harness.Callback)>($r42)
staticinvoke <edu.stanford.stamp.harness.ApplicationDriver: edu.stanford.stamp.harness.ApplicationDriver getInstance()>()
specialinvoke $r44.<android.app.Activity$22: void <init>(android.app.Activity)>(r0)
staticinvoke <edu.stanford.stamp.harness.ApplicationDriver: void registerCallback(edu.stanford.stamp.harness.Callback)>($r44)
staticinvoke <edu.stanford.stamp.harness.ApplicationDriver: edu.stanford.stamp.harness.ApplicationDriver getInstance()>()
specialinvoke $r46.<android.app.Activity$23: void <init>(android.app.Activity)>(r0)
staticinvoke <edu.stanford.stamp.harness.ApplicationDriver: void registerCallback(edu.stanford.stamp.harness.Callback)>($r46)
staticinvoke <edu.stanford.stamp.harness.ApplicationDriver: edu.stanford.stamp.harness.ApplicationDriver getInstance()>()
specialinvoke $r48.<android.app.Activity$24: void <init>(android.app.Activity)>(r0)
staticinvoke <edu.stanford.stamp.harness.ApplicationDriver: void registerCallback(edu.stanford.stamp.harness.Callback)>($r48)
staticinvoke <edu.stanford.stamp.harness.ApplicationDriver: edu.stanford.stamp.harness.ApplicationDriver getInstance()>()
specialinvoke $r50.<android.app.Activity$25: void <init>(android.app.Activity)>(r0)
staticinvoke <edu.stanford.stamp.harness.ApplicationDriver: void registerCallback(edu.stanford.stamp.harness.Callback)>($r50)
staticinvoke <edu.stanford.stamp.harness.ApplicationDriver: edu.stanford.stamp.harness.ApplicationDriver getInstance()>()
specialinvoke $r52.<android.app.Activity$26: void <init>(android.app.Activity)>(r0)
staticinvoke <edu.stanford.stamp.harness.ApplicationDriver: void registerCallback(edu.stanford.stamp.harness.Callback)>($r52)
staticinvoke <edu.stanford.stamp.harness.ApplicationDriver: edu.stanford.stamp.harness.ApplicationDriver getInstance()>()
specialinvoke $r54.<android.app.Activity$27: void <init>(android.app.Activity)>(r0)
staticinvoke <edu.stanford.stamp.harness.ApplicationDriver: void registerCallback(edu.stanford.stamp.harness.Callback)>($r54)
staticinvoke <edu.stanford.stamp.harness.ApplicationDriver: edu.stanford.stamp.harness.ApplicationDriver getInstance()>()
specialinvoke $r56.<android.app.Activity$28: void <init>(android.app.Activity)>(r0)
staticinvoke <edu.stanford.stamp.harness.ApplicationDriver: void registerCallback(edu.stanford.stamp.harness.Callback)>($r56)
staticinvoke <edu.stanford.stamp.harness.ApplicationDriver: edu.stanford.stamp.harness.ApplicationDriver getInstance()>()
specialinvoke $r58.<android.app.Activity$29: void <init>(android.app.Activity)>(r0)
staticinvoke <edu.stanford.stamp.harness.ApplicationDriver: void registerCallback(edu.stanford.stamp.harness.Callback)>($r58)
staticinvoke <edu.stanford.stamp.harness.ApplicationDriver: edu.stanford.stamp.harness.ApplicationDriver getInstance()>()
specialinvoke $r60.<android.app.Activity$30: void <init>(android.app.Activity)>(r0)
staticinvoke <edu.stanford.stamp.harness.ApplicationDriver: void registerCallback(edu.stanford.stamp.harness.Callback)>($r60)
staticinvoke <edu.stanford.stamp.harness.ApplicationDriver: edu.stanford.stamp.harness.ApplicationDriver getInstance()>()
specialinvoke $r62.<android.app.Activity$31: void <init>(android.app.Activity)>(r0)
staticinvoke <edu.stanford.stamp.harness.ApplicationDriver: void registerCallback(edu.stanford.stamp.harness.Callback)>($r62)
staticinvoke <edu.stanford.stamp.harness.ApplicationDriver: edu.stanford.stamp.harness.ApplicationDriver getInstance()>()
specialinvoke $r64.<android.app.Activity$32: void <init>(android.app.Activity)>(r0)
staticinvoke <edu.stanford.stamp.harness.ApplicationDriver: void registerCallback(edu.stanford.stamp.harness.Callback)>($r64)
staticinvoke <edu.stanford.stamp.harness.ApplicationDriver: edu.stanford.stamp.harness.ApplicationDriver getInstance()>()
specialinvoke $r66.<android.app.Activity$33: void <init>(android.app.Activity)>(r0)
staticinvoke <edu.stanford.stamp.harness.ApplicationDriver: void registerCallback(edu.stanford.stamp.harness.Callback)>($r66)
staticinvoke <edu.stanford.stamp.harness.ApplicationDriver: edu.stanford.stamp.harness.ApplicationDriver getInstance()>()
specialinvoke $r68.<android.app.Activity$34: void <init>(android.app.Activity)>(r0)
staticinvoke <edu.stanford.stamp.harness.ApplicationDriver: void registerCallback(edu.stanford.stamp.harness.Callback)>($r68)
staticinvoke <edu.stanford.stamp.harness.ApplicationDriver: edu.stanford.stamp.harness.ApplicationDriver getInstance()>()
specialinvoke $r70.<android.app.Activity$35: void <init>(android.app.Activity)>(r0)
staticinvoke <edu.stanford.stamp.harness.ApplicationDriver: void registerCallback(edu.stanford.stamp.harness.Callback)>($r70)
staticinvoke <edu.stanford.stamp.harness.ApplicationDriver: edu.stanford.stamp.harness.ApplicationDriver getInstance()>()
specialinvoke $r72.<android.app.Activity$36: void <init>(android.app.Activity)>(r0)
staticinvoke <edu.stanford.stamp.harness.ApplicationDriver: void registerCallback(edu.stanford.stamp.harness.Callback)>($r72)
staticinvoke <edu.stanford.stamp.harness.ApplicationDriver: edu.stanford.stamp.harness.ApplicationDriver getInstance()>()
specialinvoke $r74.<android.app.Activity$37: void <init>(android.app.Activity)>(r0)
staticinvoke <edu.stanford.stamp.harness.ApplicationDriver: void registerCallback(edu.stanford.stamp.harness.Callback)>($r74)
staticinvoke <edu.stanford.stamp.harness.ApplicationDriver: edu.stanford.stamp.harness.ApplicationDriver getInstance()>()
specialinvoke $r76.<android.app.Activity$38: void <init>(android.app.Activity)>(r0)
staticinvoke <edu.stanford.stamp.harness.ApplicationDriver: void registerCallback(edu.stanford.stamp.harness.Callback)>($r76)
staticinvoke <edu.stanford.stamp.harness.ApplicationDriver: edu.stanford.stamp.harness.ApplicationDriver getInstance()>()
specialinvoke $r78.<android.app.Activity$39: void <init>(android.app.Activity)>(r0)
staticinvoke <edu.stanford.stamp.harness.ApplicationDriver: void registerCallback(edu.stanford.stamp.harness.Callback)>($r78)
staticinvoke <edu.stanford.stamp.harness.ApplicationDriver: edu.stanford.stamp.harness.ApplicationDriver getInstance()>()
specialinvoke $r80.<android.app.Activity$40: void <init>(android.app.Activity)>(r0)
staticinvoke <edu.stanford.stamp.harness.ApplicationDriver: void registerCallback(edu.stanford.stamp.harness.Callback)>($r80)
staticinvoke <edu.stanford.stamp.harness.ApplicationDriver: edu.stanford.stamp.harness.ApplicationDriver getInstance()>()
specialinvoke $r82.<android.app.Activity$41: void <init>(android.app.Activity)>(r0)
staticinvoke <edu.stanford.stamp.harness.ApplicationDriver: void registerCallback(edu.stanford.stamp.harness.Callback)>($r82)
staticinvoke <edu.stanford.stamp.harness.ApplicationDriver: edu.stanford.stamp.harness.ApplicationDriver getInstance()>()
specialinvoke $r84.<android.app.Activity$42: void <init>(android.app.Activity)>(r0)
staticinvoke <edu.stanford.stamp.harness.ApplicationDriver: void registerCallback(edu.stanford.stamp.harness.Callback)>($r84)
staticinvoke <edu.stanford.stamp.harness.ApplicationDriver: edu.stanford.stamp.harness.ApplicationDriver getInstance()>()
specialinvoke $r86.<android.app.Activity$43: void <init>(android.app.Activity)>(r0)
staticinvoke <edu.stanford.stamp.harness.ApplicationDriver: void registerCallback(edu.stanford.stamp.harness.Callback)>($r86)
staticinvoke <edu.stanford.stamp.harness.ApplicationDriver: edu.stanford.stamp.harness.ApplicationDriver getInstance()>()
specialinvoke $r88.<android.app.Activity$44: void <init>(android.app.Activity)>(r0)
staticinvoke <edu.stanford.stamp.harness.ApplicationDriver: void registerCallback(edu.stanford.stamp.harness.Callback)>($r88)
staticinvoke <edu.stanford.stamp.harness.ApplicationDriver: edu.stanford.stamp.harness.ApplicationDriver getInstance()>()
specialinvoke $r90.<android.app.Activity$45: void <init>(android.app.Activity)>(r0)
staticinvoke <edu.stanford.stamp.harness.ApplicationDriver: void registerCallback(edu.stanford.stamp.harness.Callback)>($r90)
staticinvoke <edu.stanford.stamp.harness.ApplicationDriver: edu.stanford.stamp.harness.ApplicationDriver getInstance()>()
specialinvoke $r92.<android.app.Activity$46: void <init>(android.app.Activity)>(r0)
staticinvoke <edu.stanford.stamp.harness.ApplicationDriver: void registerCallback(edu.stanford.stamp.harness.Callback)>($r92)
staticinvoke <edu.stanford.stamp.harness.ApplicationDriver: edu.stanford.stamp.harness.ApplicationDriver getInstance()>()
specialinvoke $r94.<android.app.Activity$47: void <init>(android.app.Activity)>(r0)
staticinvoke <edu.stanford.stamp.harness.ApplicationDriver: void registerCallback(edu.stanford.stamp.harness.Callback)>($r94)
staticinvoke <edu.stanford.stamp.harness.ApplicationDriver: edu.stanford.stamp.harness.ApplicationDriver getInstance()>()
specialinvoke $r96.<android.app.Activity$48: void <init>(android.app.Activity)>(r0)
staticinvoke <edu.stanford.stamp.harness.ApplicationDriver: void registerCallback(edu.stanford.stamp.harness.Callback)>($r96)
staticinvoke <edu.stanford.stamp.harness.ApplicationDriver: edu.stanford.stamp.harness.ApplicationDriver getInstance()>()
specialinvoke $r98.<android.app.Activity$49: void <init>(android.app.Activity)>(r0)
staticinvoke <edu.stanford.stamp.harness.ApplicationDriver: void registerCallback(edu.stanford.stamp.harness.Callback)>($r98)
staticinvoke <edu.stanford.stamp.harness.ApplicationDriver: edu.stanford.stamp.harness.ApplicationDriver getInstance()>()
specialinvoke $r100.<android.app.Activity$50: void <init>(android.app.Activity)>(r0)
staticinvoke <edu.stanford.stamp.harness.ApplicationDriver: void registerCallback(edu.stanford.stamp.harness.Callback)>($r100)
staticinvoke <edu.stanford.stamp.harness.ApplicationDriver: edu.stanford.stamp.harness.ApplicationDriver getInstance()>()
specialinvoke $r102.<android.app.Activity$51: void <init>(android.app.Activity)>(r0)
staticinvoke <edu.stanford.stamp.harness.ApplicationDriver: void registerCallback(edu.stanford.stamp.harness.Callback)>($r102)
staticinvoke <edu.stanford.stamp.harness.ApplicationDriver: edu.stanford.stamp.harness.ApplicationDriver getInstance()>()
specialinvoke $r104.<android.app.Activity$52: void <init>(android.app.Activity)>(r0)
staticinvoke <edu.stanford.stamp.harness.ApplicationDriver: void registerCallback(edu.stanford.stamp.harness.Callback)>($r104)
interfaceinvoke $r1.<java.util.List: boolean add(java.lang.Object)>(r0)
specialinvoke $r2.<java.lang.RuntimeException: void <init>(java.lang.String)>("Stub!")
specialinvoke $r1.<java.lang.RuntimeException: void <init>(java.lang.String)>("Stub!")
specialinvoke $r1.<java.lang.RuntimeException: void <init>(java.lang.String)>("Stub!")
specialinvoke $r1.<java.lang.RuntimeException: void <init>(java.lang.String)>("Stub!")
specialinvoke $r0.<android.app.Activity: void onStart()>()
specialinvoke $r2.<java.lang.RuntimeException: void <init>(java.lang.String)>("Stub!")
specialinvoke $r0.<android.app.Activity: void onCreate(android.os.Bundle)>($r1)
$r6 = virtualinvoke $r0.<stamp.stanford.malware.Malware: java.lang.Object getSystemService(java.lang.String)>($r3)
specialinvoke $r5.<stamp.stanford.malware.Malware$MyLocationListener: void <init>(stamp.stanford.malware.Malware,stamp.stanford.malware.Malware$1)>($r0, $n0)
virtualinvoke $r7.<android.location.LocationManager: void requestLocationUpdates(java.lang.String,long,float,android.location.LocationListener)>($r8, $l0, $f0, $r5)
virtualinvoke $r0.<stamp.stanford.malware.Malware: void setContentView(int)>($i1)
specialinvoke $r1.<java.lang.RuntimeException: void <init>(java.lang.String)>("Stub!")
specialinvoke $r1.<java.lang.RuntimeException: void <init>(java.lang.String)>("Stub!")
specialinvoke $r1.<java.lang.RuntimeException: void <init>(java.lang.String)>("Stub!")
specialinvoke $r1.<java.lang.RuntimeException: void <init>(java.lang.String)>("Stub!")
specialinvoke $r2.<java.lang.RuntimeException: void <init>(java.lang.String)>("Stub!")
specialinvoke $r1.<java.lang.RuntimeException: void <init>(java.lang.String)>("Stub!")
specialinvoke $r2.<java.lang.RuntimeException: void <init>(java.lang.String)>("Stub!")
specialinvoke $r2.<java.lang.RuntimeException: void <init>(java.lang.String)>("Stub!")
specialinvoke $r2.<java.lang.RuntimeException: void <init>(java.lang.String)>("Stub!")
specialinvoke $r1.<java.lang.RuntimeException: void <init>(java.lang.String)>("Stub!")
specialinvoke $r3.<java.lang.RuntimeException: void <init>(java.lang.String)>("Stub!")
specialinvoke $r1.<java.lang.RuntimeException: void <init>(java.lang.String)>("Stub!")
specialinvoke $r2.<java.lang.RuntimeException: void <init>(java.lang.String)>("Stub!")
specialinvoke $r1.<java.lang.RuntimeException: void <init>(java.lang.String)>("Stub!")
specialinvoke $r2.<java.lang.RuntimeException: void <init>(java.lang.String)>("Stub!")
specialinvoke $r2.<java.lang.RuntimeException: void <init>(java.lang.String)>("Stub!")
specialinvoke $r2.<java.lang.RuntimeException: void <init>(java.lang.String)>("Stub!")
specialinvoke $r2.<java.lang.RuntimeException: void <init>(java.lang.String)>("Stub!")
specialinvoke $r1.<java.lang.RuntimeException: void <init>(java.lang.String)>("Stub!")
specialinvoke $r1.<java.lang.RuntimeException: void <init>(java.lang.String)>("Stub!")
specialinvoke $r2.<java.lang.RuntimeException: void <init>(java.lang.String)>("Stub!")
specialinvoke $r1.<java.lang.RuntimeException: void <init>(java.lang.String)>("Stub!")
specialinvoke $r2.<java.lang.RuntimeException: void <init>(java.lang.String)>("Stub!")
specialinvoke $r1.<java.lang.RuntimeException: void <init>(java.lang.String)>("Stub!")
specialinvoke $r1.<java.lang.RuntimeException: void <init>(java.lang.String)>("Stub!")
specialinvoke $r1.<java.lang.RuntimeException: void <init>(java.lang.String)>("Stub!")
specialinvoke $r2.<java.lang.RuntimeException: void <init>(java.lang.String)>("Stub!")
specialinvoke $r2.<java.lang.RuntimeException: void <init>(java.lang.String)>("Stub!")
specialinvoke $r3.<java.lang.RuntimeException: void <init>(java.lang.String)>("Stub!")
specialinvoke $r2.<java.lang.RuntimeException: void <init>(java.lang.String)>("Stub!")
specialinvoke $r2.<java.lang.RuntimeException: void <init>(java.lang.String)>("Stub!")
specialinvoke $r2.<java.lang.RuntimeException: void <init>(java.lang.String)>("Stub!")
specialinvoke $r2.<java.lang.RuntimeException: void <init>(java.lang.String)>("Stub!")
specialinvoke $r2.<java.lang.RuntimeException: void <init>(java.lang.String)>("Stub!")
specialinvoke $r2.<java.lang.RuntimeException: void <init>(java.lang.String)>("Stub!")
specialinvoke $r2.<java.lang.RuntimeException: void <init>(java.lang.String)>("Stub!")
specialinvoke $r4.<java.lang.RuntimeException: void <init>(java.lang.String)>("Stub!")
specialinvoke $r1.<java.lang.RuntimeException: void <init>(java.lang.String)>("Stub!")
specialinvoke $r2.<java.lang.RuntimeException: void <init>(java.lang.String)>("Stub!")
specialinvoke $r1.<java.lang.RuntimeException: void <init>(java.lang.String)>("Stub!")
specialinvoke $r2.<java.lang.RuntimeException: void <init>(java.lang.String)>("Stub!")
specialinvoke $r2.<java.lang.RuntimeException: void <init>(java.lang.String)>("Stub!")
specialinvoke $r2.<java.lang.RuntimeException: void <init>(java.lang.String)>("Stub!")
specialinvoke $r2.<java.lang.RuntimeException: void <init>(java.lang.String)>("Stub!")
specialinvoke r0.<java.lang.Object: void <init>()>()
specialinvoke $r1.<android.os.Bundle: void <init>()>()
specialinvoke $r2.<java.lang.RuntimeException: void <init>(java.lang.String)>("Stub!")
specialinvoke $r2.<java.lang.RuntimeException: void <init>(java.lang.String)>("Stub!")
specialinvoke $r2.<java.lang.RuntimeException: void <init>(java.lang.String)>("Stub!")
specialinvoke $r2.<java.lang.RuntimeException: void <init>(java.lang.String)>("Stub!")
specialinvoke $r2.<java.lang.RuntimeException: void <init>(java.lang.String)>("Stub!")
specialinvoke $r1.<java.lang.RuntimeException: void <init>(java.lang.String)>("Stub!")
specialinvoke $r1.<java.lang.RuntimeException: void <init>(java.lang.String)>("Stub!")
specialinvoke $r1.<java.lang.RuntimeException: void <init>(java.lang.String)>("Stub!")
specialinvoke $r1.<java.lang.RuntimeException: void <init>(java.lang.String)>("Stub!")
specialinvoke $r2.<java.lang.RuntimeException: void <init>(java.lang.String)>("Stub!")
specialinvoke $r2.<java.lang.RuntimeException: void <init>(java.lang.String)>("Stub!")
specialinvoke $r2.<java.lang.RuntimeException: void <init>(java.lang.String)>("Stub!")
specialinvoke $r2.<java.lang.RuntimeException: void <init>(java.lang.String)>("Stub!")
specialinvoke $r2.<java.lang.RuntimeException: void <init>(java.lang.String)>("Stub!")
specialinvoke $r2.<java.lang.RuntimeException: void <init>(java.lang.String)>("Stub!")
specialinvoke $r1.<java.lang.RuntimeException: void <init>(java.lang.String)>("Stub!")
specialinvoke $r1.<java.lang.RuntimeException: void <init>(java.lang.String)>("Stub!")
specialinvoke $r1.<java.lang.RuntimeException: void <init>(java.lang.String)>("Stub!")
specialinvoke $r1.<java.lang.RuntimeException: void <init>(java.lang.String)>("Stub!")
specialinvoke $r4.<java.lang.RuntimeException: void <init>(java.lang.String)>("Stub!")
specialinvoke $r4.<java.lang.RuntimeException: void <init>(java.lang.String)>("Stub!")
specialinvoke $r1.<java.lang.RuntimeException: void <init>(java.lang.String)>("Stub!")
specialinvoke $r2.<java.lang.RuntimeException: void <init>(java.lang.String)>("Stub!")
specialinvoke $r3.<java.lang.RuntimeException: void <init>(java.lang.String)>("Stub!")
specialinvoke $r4.<java.lang.RuntimeException: void <init>(java.lang.String)>("Stub!")
specialinvoke $r2.<java.lang.RuntimeException: void <init>(java.lang.String)>("Stub!")
specialinvoke $r2.<java.lang.RuntimeException: void <init>(java.lang.String)>("Stub!")
specialinvoke $r3.<java.lang.RuntimeException: void <init>(java.lang.String)>("Stub!")
specialinvoke $r4.<java.lang.RuntimeException: void <init>(java.lang.String)>("Stub!")
specialinvoke $r2.<java.lang.RuntimeException: void <init>(java.lang.String)>("Stub!")
specialinvoke $r1.<java.lang.RuntimeException: void <init>(java.lang.String)>("Stub!")
specialinvoke $r1.<java.lang.RuntimeException: void <init>(java.lang.String)>("Stub!")
specialinvoke $r2.<java.lang.RuntimeException: void <init>(java.lang.String)>("Stub!")
specialinvoke $r2.<java.lang.RuntimeException: void <init>(java.lang.String)>("Stub!")
specialinvoke $r1.<java.lang.RuntimeException: void <init>(java.lang.String)>("Stub!")
specialinvoke $r1.<java.lang.RuntimeException: void <init>(java.lang.String)>("Stub!")
specialinvoke $r1.<java.lang.RuntimeException: void <init>(java.lang.String)>("Stub!")
specialinvoke $r1.<java.lang.RuntimeException: void <init>(java.lang.String)>("Stub!")
specialinvoke $r1.<java.lang.RuntimeException: void <init>(java.lang.String)>("Stub!")
specialinvoke $r1.<java.lang.RuntimeException: void <init>(java.lang.String)>("Stub!")
specialinvoke $r1.<java.lang.RuntimeException: void <init>(java.lang.String)>("Stub!")
specialinvoke $r3.<java.lang.RuntimeException: void <init>(java.lang.String)>("Stub!")
specialinvoke $r2.<java.lang.RuntimeException: void <init>(java.lang.String)>("Stub!")
specialinvoke $r1.<java.lang.RuntimeException: void <init>(java.lang.String)>("Stub!")
specialinvoke $r2.<java.lang.RuntimeException: void <init>(java.lang.String)>("Stub!")
specialinvoke $r2.<java.lang.RuntimeException: void <init>(java.lang.String)>("Stub!")
specialinvoke $r2.<java.lang.RuntimeException: void <init>(java.lang.String)>("Stub!")
specialinvoke $r1.<java.lang.RuntimeException: void <init>(java.lang.String)>("Stub!")
specialinvoke $r2.<java.lang.RuntimeException: void <init>(java.lang.String)>("Stub!")
specialinvoke $r1.<java.lang.RuntimeException: void <init>(java.lang.String)>("Stub!")
specialinvoke $r2.<java.lang.RuntimeException: void <init>(java.lang.String)>("Stub!")
specialinvoke $r1.<android.telephony.cdma.CdmaCellLocation: void <init>()>()
specialinvoke $r2.<android.telephony.gsm.GsmCellLocation: void <init>()>()
specialinvoke $r2.<java.lang.RuntimeException: void <init>(java.lang.String)>("Stub!")
specialinvoke $r2.<stamp.stanford.malware.Malware$LeakInfo: void <init>(stamp.stanford.malware.Malware,stamp.stanford.malware.Malware$1)>($r3, $n0)
specialinvoke $r4.<java.lang.StringBuilder: void <init>()>()
$d1 = virtualinvoke $r1.<android.location.Location: double getLatitude()>()
$r7 = virtualinvoke $r4.<java.lang.StringBuilder: java.lang.StringBuilder append(double)>($d0)
$r10 = virtualinvoke $r8.<java.lang.StringBuilder: java.lang.StringBuilder append(java.lang.String)>($r9)
$d2 = virtualinvoke $r1.<android.location.Location: double getLongitude()>()
$r12 = virtualinvoke $r11.<java.lang.StringBuilder: java.lang.StringBuilder append(double)>($d3)
$r14 = virtualinvoke $r13.<java.lang.StringBuilder: java.lang.String toString()>()
virtualinvoke $r2.<stamp.stanford.malware.Malware$LeakInfo: android.os.AsyncTask execute(java.lang.Object[])>($r6)
specialinvoke r0.<java.lang.Exception: void <init>()>()
specialinvoke $r2.<java.lang.RuntimeException: void <init>(java.lang.String)>("Stub!")
specialinvoke r0.<java.lang.Object: void <init>()>()
specialinvoke $r1.<java.lang.RuntimeException: void <init>(java.lang.String)>("Stub!")
specialinvoke $r1.<java.lang.String: void <init>()>()
specialinvoke r0.<java.lang.Object: void <init>()>()
specialinvoke $r1.<java.lang.RuntimeException: void <init>(java.lang.String)>("Stub!")
specialinvoke $r1.<java.lang.String: void <init>()>()
specialinvoke $r1.<android.location.Location: void <init>(java.lang.String)>($r2)
specialinvoke r0.<java.util.AbstractCollection: void <init>()>()
specialinvoke $r1.<java.lang.RuntimeException: void <init>(java.lang.String)>("Stub!")
specialinvoke $r1.<java.lang.RuntimeException: void <init>(java.lang.String)>("Stub!")
specialinvoke $r1.<java.lang.RuntimeException: void <init>(java.lang.String)>("Stub!")
specialinvoke r0.<android.content.ContextWrapper: void <init>(android.content.Context)>($r1)
specialinvoke $r2.<java.lang.RuntimeException: void <init>(java.lang.String)>("Stub!")
specialinvoke r0.<edu.stanford.stamp.harness.Callback: void <init>()>()
specialinvoke r0.<edu.stanford.stamp.harness.Callback: void <init>()>()
specialinvoke r0.<edu.stanford.stamp.harness.Callback: void <init>()>()
specialinvoke r0.<edu.stanford.stamp.harness.Callback: void <init>()>()
specialinvoke r0.<edu.stanford.stamp.harness.Callback: void <init>()>()
specialinvoke r0.<edu.stanford.stamp.harness.Callback: void <init>()>()
specialinvoke r0.<edu.stanford.stamp.harness.Callback: void <init>()>()
specialinvoke r0.<edu.stanford.stamp.harness.Callback: void <init>()>()
specialinvoke r0.<edu.stanford.stamp.harness.Callback: void <init>()>()
specialinvoke r0.<edu.stanford.stamp.harness.Callback: void <init>()>()
specialinvoke r0.<edu.stanford.stamp.harness.Callback: void <init>()>()
specialinvoke r0.<edu.stanford.stamp.harness.Callback: void <init>()>()
specialinvoke r0.<edu.stanford.stamp.harness.Callback: void <init>()>()
specialinvoke r0.<edu.stanford.stamp.harness.Callback: void <init>()>()
specialinvoke r0.<edu.stanford.stamp.harness.Callback: void <init>()>()
specialinvoke r0.<edu.stanford.stamp.harness.Callback: void <init>()>()
specialinvoke r0.<edu.stanford.stamp.harness.Callback: void <init>()>()
specialinvoke r0.<edu.stanford.stamp.harness.Callback: void <init>()>()
specialinvoke r0.<edu.stanford.stamp.harness.Callback: void <init>()>()
specialinvoke r0.<edu.stanford.stamp.harness.Callback: void <init>()>()
specialinvoke r0.<edu.stanford.stamp.harness.Callback: void <init>()>()
specialinvoke r0.<edu.stanford.stamp.harness.Callback: void <init>()>()
specialinvoke r0.<edu.stanford.stamp.harness.Callback: void <init>()>()
specialinvoke r0.<edu.stanford.stamp.harness.Callback: void <init>()>()
specialinvoke r0.<edu.stanford.stamp.harness.Callback: void <init>()>()
specialinvoke r0.<edu.stanford.stamp.harness.Callback: void <init>()>()
specialinvoke r0.<edu.stanford.stamp.harness.Callback: void <init>()>()
specialinvoke r0.<edu.stanford.stamp.harness.Callback: void <init>()>()
specialinvoke r0.<edu.stanford.stamp.harness.Callback: void <init>()>()
specialinvoke r0.<edu.stanford.stamp.harness.Callback: void <init>()>()
specialinvoke r0.<edu.stanford.stamp.harness.Callback: void <init>()>()
specialinvoke r0.<edu.stanford.stamp.harness.Callback: void <init>()>()
specialinvoke r0.<edu.stanford.stamp.harness.Callback: void <init>()>()
specialinvoke r0.<edu.stanford.stamp.harness.Callback: void <init>()>()
specialinvoke r0.<edu.stanford.stamp.harness.Callback: void <init>()>()
specialinvoke r0.<edu.stanford.stamp.harness.Callback: void <init>()>()
specialinvoke r0.<edu.stanford.stamp.harness.Callback: void <init>()>()
specialinvoke r0.<edu.stanford.stamp.harness.Callback: void <init>()>()
specialinvoke r0.<edu.stanford.stamp.harness.Callback: void <init>()>()
specialinvoke r0.<edu.stanford.stamp.harness.Callback: void <init>()>()
specialinvoke r0.<edu.stanford.stamp.harness.Callback: void <init>()>()
specialinvoke r0.<edu.stanford.stamp.harness.Callback: void <init>()>()
specialinvoke r0.<edu.stanford.stamp.harness.Callback: void <init>()>()
specialinvoke r0.<edu.stanford.stamp.harness.Callback: void <init>()>()
specialinvoke r0.<edu.stanford.stamp.harness.Callback: void <init>()>()
specialinvoke r0.<edu.stanford.stamp.harness.Callback: void <init>()>()
specialinvoke r0.<edu.stanford.stamp.harness.Callback: void <init>()>()
specialinvoke r0.<edu.stanford.stamp.harness.Callback: void <init>()>()
specialinvoke r0.<edu.stanford.stamp.harness.Callback: void <init>()>()
specialinvoke r0.<edu.stanford.stamp.harness.Callback: void <init>()>()
specialinvoke r0.<edu.stanford.stamp.harness.Callback: void <init>()>()
specialinvoke r0.<edu.stanford.stamp.harness.Callback: void <init>()>()
$z0 = virtualinvoke r1.<java.lang.String: boolean equals(java.lang.Object)>("phone")
$r2 = staticinvoke <android.telephony.TelephonyManager: android.telephony.TelephonyManager getInstance()>()
$z1 = virtualinvoke r1.<java.lang.String: boolean equals(java.lang.Object)>("location")
$r3 = staticinvoke <android.location.LocationManager: android.location.LocationManager getInstance()>()
specialinvoke $r1.<java.lang.RuntimeException: void <init>(java.lang.String)>("Stub!")
specialinvoke $r0.<stamp.stanford.malware.Malware$MyLocationListener: void <init>(stamp.stanford.malware.Malware)>($r1)
specialinvoke r0.<android.location.LocationManager: void registerListener(android.location.LocationListener)>(r2)
specialinvoke r0.<java.lang.Object: void <init>()>()
specialinvoke $r1.<java.lang.RuntimeException: void <init>(java.lang.String)>("Stub!")
specialinvoke r0.<android.telephony.CellLocation: void <init>()>()
specialinvoke $r1.<java.lang.RuntimeException: void <init>(java.lang.String)>("Stub!")
specialinvoke r0.<android.telephony.CellLocation: void <init>()>()
specialinvoke $r1.<java.lang.RuntimeException: void <init>(java.lang.String)>("Stub!")
specialinvoke $r0.<stamp.stanford.malware.Malware$LeakInfo: void <init>(stamp.stanford.malware.Malware)>($r1)
virtualinvoke r0.<android.os.AsyncTask: void onPreExecute()>()
r2 = virtualinvoke r0.<android.os.AsyncTask: java.lang.Object doInBackground(java.lang.Object[])>(r1)
virtualinvoke r0.<android.os.AsyncTask: void onPostExecute(java.lang.Object)>(r2)
specialinvoke r0.<java.lang.AbstractStringBuilder: void <init>()>()
specialinvoke $r1.<java.lang.RuntimeException: void <init>(java.lang.String)>("Stub!")
specialinvoke $r1.<java.lang.String: void <init>()>()
specialinvoke r0.<java.lang.Throwable: void <init>()>()
specialinvoke $r1.<java.lang.RuntimeException: void <init>(java.lang.String)>("Stub!")
specialinvoke r0.<java.lang.Object: void <init>()>()
specialinvoke $r1.<java.lang.RuntimeException: void <init>(java.lang.String)>("Stub!")
specialinvoke r0.<java.lang.Object: void <init>()>()
specialinvoke $r2.<java.lang.RuntimeException: void <init>(java.lang.String)>("Stub!")
specialinvoke r0.<java.lang.Object: void <init>()>()
specialinvoke $r1.<java.lang.RuntimeException: void <init>(java.lang.String)>("Stub!")
specialinvoke r0.<android.content.Context: void <init>()>()
specialinvoke $r2.<android.test.mock.MockContentResolver: void <init>()>()
specialinvoke $r3.<java.lang.RuntimeException: void <init>(java.lang.String)>("Stub!")
specialinvoke r0.<java.lang.Object: void <init>()>()
specialinvoke $r0.<java.lang.Object: void <init>()>()
staticinvoke <edu.stanford.stamp.harness.ApplicationDriver: edu.stanford.stamp.harness.ApplicationDriver getInstance()>()
specialinvoke $r3.<android.location.LocationManager$1: void <init>(android.location.LocationManager,android.location.LocationListener)>(r0, r1)
staticinvoke <edu.stanford.stamp.harness.ApplicationDriver: void registerCallback(edu.stanford.stamp.harness.Callback)>($r3)
specialinvoke r0.<java.lang.Object: void <init>()>()
specialinvoke $r1.<java.lang.RuntimeException: void <init>(java.lang.String)>("Stub!")
specialinvoke $r0.<android.os.AsyncTask: void <init>()>()
specialinvoke $r1.<java.lang.RuntimeException: void <init>(java.lang.String)>("Stub!")
$r3 = virtualinvoke $r0.<stamp.stanford.malware.Malware$LeakInfo: java.lang.Void doInBackground(java.lang.String[])>($r4)
specialinvoke $r2.<java.lang.RuntimeException: void <init>(java.lang.String)>("Stub!")
specialinvoke r0.<java.lang.Object: void <init>()>()
specialinvoke $r1.<java.lang.RuntimeException: void <init>(java.lang.String)>("Stub!")
specialinvoke r0.<java.lang.Object: void <init>()>()
specialinvoke $r1.<java.lang.RuntimeException: void <init>(java.lang.String)>("Stub!")
specialinvoke r0.<java.lang.Object: void <init>()>()
specialinvoke $r1.<java.lang.RuntimeException: void <init>(java.lang.String)>("Stub!")
specialinvoke r0.<android.content.ContentResolver: void <init>(android.content.Context)>($r1)
specialinvoke $r2.<java.lang.RuntimeException: void <init>(java.lang.String)>("Stub!")
specialinvoke r0.<edu.stanford.stamp.harness.Callback: void <init>()>()
specialinvoke r0.<java.lang.Object: void <init>()>()
specialinvoke $r1.<java.lang.RuntimeException: void <init>(java.lang.String)>("Stub!")
specialinvoke $r2.<org.apache.http.impl.client.DefaultHttpClient: void <init>()>()
$r10 = virtualinvoke $r11.<java.lang.String: java.lang.String concat(java.lang.String)>($r3)
specialinvoke $r5.<org.apache.http.client.methods.HttpGet: void <init>(java.lang.String)>($r6)
$r12 = interfaceinvoke $r2.<org.apache.http.client.HttpClient: org.apache.http.HttpResponse execute(org.apache.http.client.methods.HttpUriRequest)>($r5)
$r13 = interfaceinvoke $r8.<org.apache.http.HttpResponse: org.apache.http.HttpEntity getEntity()>()
$r15 = staticinvoke <org.apache.http.util.EntityUtils: java.lang.String toString(org.apache.http.HttpEntity)>($r7)
staticinvoke <android.util.Log: int i(java.lang.String,java.lang.String)>($r14, $r9)
virtualinvoke $r4.<java.net.MalformedURLException: void printStackTrace()>()
virtualinvoke $r16.<java.io.IOException: void printStackTrace()>()
specialinvoke $r1.<java.lang.RuntimeException: void <init>(java.lang.String)>("Stub!")
specialinvoke r0.<java.lang.Object: void <init>()>()
specialinvoke $r2.<android.test.mock.MockContentProvider: void <init>(android.content.Context)>(null)
specialinvoke $r3.<java.lang.RuntimeException: void <init>(java.lang.String)>("Stub!")
specialinvoke r0.<org.apache.http.impl.client.AbstractHttpClient: void <init>(org.apache.http.conn.ClientConnectionManager,org.apache.http.params.HttpParams)>($r1, $r2)
specialinvoke $r3.<java.lang.RuntimeException: void <init>(java.lang.String)>("Stub!")
specialinvoke $r2.<java.lang.String: void <init>()>()
specialinvoke r0.<org.apache.http.client.methods.HttpRequestBase: void <init>()>()
specialinvoke $r1.<java.lang.RuntimeException: void <init>(java.lang.String)>("Stub!")
specialinvoke r0.<android.content.ContentProvider: void <init>()>()
specialinvoke $r2.<java.lang.RuntimeException: void <init>(java.lang.String)>("Stub!")
specialinvoke r0.<java.lang.Object: void <init>()>()
specialinvoke $r3.<java.lang.RuntimeException: void <init>(java.lang.String)>("Stub!")
specialinvoke r0.<org.apache.http.message.AbstractHttpMessage: void <init>()>()
specialinvoke $r1.<java.lang.RuntimeException: void <init>(java.lang.String)>("Stub!")
specialinvoke r0.<java.lang.Object: void <init>()>()
specialinvoke $r1.<java.lang.RuntimeException: void <init>(java.lang.String)>("Stub!")
specialinvoke r0.<java.lang.Object: void <init>()>()
specialinvoke $r1.<java.lang.RuntimeException: void <init>(java.lang.String)>("Stub!")
