java.lang.NoClassDefFoundError
java.lang.LinkageError
void
java.lang.String
java.lang.RuntimeException
java.lang.Error
java.lang.Exception
java.lang.Throwable
java.lang.Object
java.io.Serializable
java.lang.Comparable
java.lang.CharSequence
java.util.Comparator
int
char
boolean
java.lang.StringBuffer
byte
byte[]
java.io.UnsupportedEncodingException
java.nio.charset.Charset
char[]
int[]
java.lang.StringBuilder
java.util.Locale
double
float
long
java.lang.String[]
java.lang.Object[]
edu.stanford.stamp.annotation.STAMP
java.lang.StackTraceElement
java.lang.StackTraceElement[]
java.io.PrintStream
java.io.PrintWriter
java.lang.Class
java.lang.InterruptedException
java.lang.CloneNotSupportedException
java.lang.AbstractStringBuilder
java.lang.Appendable
java.io.IOException
java.lang.Cloneable
java.util.Locale[]
java.util.SortedMap
java.nio.charset.CharsetEncoder
java.nio.charset.CharsetDecoder
java.util.Set
java.nio.CharBuffer
java.nio.ByteBuffer
android.annotation.SuppressLint
java.io.Writer
java.io.OutputStream
java.io.File
java.io.FileNotFoundException
java.io.FilterOutputStream
java.io.Closeable
java.lang.reflect.AnnotatedElement
java.lang.reflect.GenericDeclaration
java.lang.reflect.Type
java.lang.ClassNotFoundException
java.lang.ClassLoader
java.lang.Class[]
java.lang.annotation.Annotation
java.lang.annotation.Annotation[]
java.lang.reflect.Constructor
java.lang.NoSuchMethodException
java.lang.reflect.Constructor[]
java.lang.reflect.Field
java.lang.NoSuchFieldException
java.lang.reflect.Field[]
java.lang.reflect.Method
java.lang.reflect.Method[]
java.lang.reflect.Type[]
java.security.ProtectionDomain
java.net.URL
java.io.InputStream
java.lang.reflect.TypeVariable
java.lang.reflect.TypeVariable[]
java.lang.InstantiationException
java.lang.IllegalAccessException
java.lang.Package
java.util.Map
java.nio.charset.CharacterCodingException
java.nio.charset.CoderResult
java.nio.charset.CodingErrorAction
java.nio.Buffer
java.nio.DoubleBuffer
java.nio.FloatBuffer
java.nio.IntBuffer
java.nio.LongBuffer
java.nio.ShortBuffer
short
java.nio.ByteOrder
java.util.Collection
java.util.Iterator
java.lang.Readable
java.io.Flushable
java.net.URI
java.io.File[]
java.io.FilenameFilter
java.net.MalformedURLException
java.io.FileFilter
java.lang.Deprecated
java.lang.reflect.AccessibleObject
java.lang.reflect.Member
java.lang.annotation.Annotation[][]
java.lang.IllegalArgumentException
java.lang.reflect.InvocationTargetException
java.lang.Package[]
java.lang.NumberFormatException
java.util.Enumeration
java.lang.ClassFormatError
java.net.URLStreamHandlerFactory
java.net.URISyntaxException
java.net.URLStreamHandler
java.net.URLConnection
java.net.Proxy
java.net.StampURLConnection
java.security.CodeSource
java.security.PermissionCollection
java.security.Principal
java.security.Principal[]
java.security.Permission
java.util.Map$Entry
java.lang.UnsupportedOperationException
java.nio.BufferUnderflowException
java.nio.BufferOverflowException
java.nio.charset.UnmappableCharacterException
java.nio.charset.MalformedInputException
double[]
long[]
float[]
short[]
java.lang.Iterable
java.lang.annotation.Retention
java.lang.annotation.Documented
java.lang.reflect.AccessibleObject[]
java.net.FileNameMap
java.net.ContentHandlerFactory
java.net.Proxy$Type
java.net.SocketAddress
java.net.InetAddress
java.net.HttpURLConnection
java.net.StampURLOutputStream
java.security.Guard
java.lang.SecurityException
java.security.cert.Certificate
java.security.cert.Certificate[]
java.security.CodeSigner
java.security.CodeSigner[]
java.lang.annotation.RetentionPolicy
java.lang.annotation.Target
java.net.ContentHandler
java.lang.Enum
java.net.Proxy$Type[]
java.net.UnknownHostException
java.net.NetworkInterface
java.net.InetAddress[]
java.net.ProtocolException
java.security.cert.CertificateEncodingException
java.security.PublicKey
java.security.cert.CertificateException
java.security.NoSuchAlgorithmException
java.security.InvalidKeyException
java.security.NoSuchProviderException
java.security.SignatureException
java.io.ObjectStreamException
java.security.cert.Certificate$CertificateRep
java.security.cert.CertPath
java.security.Timestamp
java.lang.annotation.ElementType
java.lang.annotation.ElementType[]
java.lang.annotation.RetentionPolicy[]
java.net.SocketException
java.util.List
java.security.KeyException
java.security.Key
java.security.GeneralSecurityException
java.security.cert.CertPath$CertPathRep
java.util.Date
java.util.ListIterator
android.annotation.TargetApi
android.app.Activity
android.view.ContextThemeWrapper
android.view.LayoutInflater$Factory2
android.view.Window$Callback
android.view.KeyEvent$Callback
android.view.View$OnCreateContextMenuListener
android.content.ComponentCallbacks2
android.content.Intent
edu.stanford.stamp.harness.ApplicationDriver
edu.stanford.stamp.harness.Callback
android.content.ContentResolver
android.net.Uri
android.database.Cursor
android.content.Context
android.view.View
android.telephony.TelephonyManager
android.location.LocationManager
android.app.Dialog
android.app.Application
android.view.WindowManager
android.view.Window
android.app.LoaderManager
android.os.Bundle
android.graphics.Bitmap
android.graphics.Canvas
android.content.res.Configuration
android.app.FragmentManager
android.app.Fragment
android.app.ActionBar
android.view.ViewGroup$LayoutParams
android.view.KeyEvent
android.view.MotionEvent
android.view.WindowManager$LayoutParams
android.view.accessibility.AccessibilityEvent
android.view.Menu
android.view.MenuItem
android.app.TaskStackBuilder
android.view.ContextMenu
android.view.ContextMenu$ContextMenuInfo
android.graphics.drawable.Drawable
android.view.LayoutInflater
android.view.MenuInflater
android.content.res.Resources$Theme
android.content.IntentSender
android.content.IntentSender$SendIntentException
android.content.Intent[]
android.content.ComponentName
android.app.PendingIntent
android.content.SharedPreferences
java.lang.Runnable
android.util.AttributeSet
java.io.FileDescriptor
android.view.ActionMode$Callback
android.view.ActionMode
android.app.Activity$9
android.app.Activity$4
android.app.Activity$3
android.app.Activity$2
android.app.Activity$1
android.app.Activity$8
android.app.Activity$7
android.app.Activity$6
android.app.Activity$5
android.app.Activity$19
android.app.Activity$18
android.app.Activity$10
android.app.Activity$11
android.app.Activity$12
android.app.Activity$13
android.app.Activity$14
android.app.Activity$15
android.app.Activity$16
android.app.Activity$17
android.content.res.Resources
android.app.Activity$20
android.app.Activity$22
android.app.Activity$21
android.app.Activity$24
android.app.Activity$23
android.app.Activity$26
android.app.Activity$25
android.app.Activity$28
android.app.Activity$27
android.app.Activity$29
android.app.Activity$31
android.app.Activity$30
android.app.Activity$35
android.app.Activity$34
android.app.Activity$33
android.app.Activity$32
android.app.Activity$39
android.app.Activity$38
android.app.Activity$37
android.app.Activity$36
edu.stanford.stamp.harness.ViewFactory
android.view.ViewGroup
android.app.Activity$40
android.app.Activity$42
android.app.Activity$41
android.app.Activity$48
android.app.Activity$47
android.app.Activity$49
android.app.Activity$44
android.app.Activity$43
android.app.Activity$46
android.app.Activity$45
android.app.Activity$53
android.app.Activity$52
android.app.Activity$51
android.app.Activity$50
android.app.Activity$54
android.content.ContextWrapper
android.view.LayoutInflater$Factory
android.content.ComponentCallbacks
android.os.Parcelable
android.os.Parcelable$Creator
android.content.ClipData
android.os.Parcelable[]
java.util.ArrayList
java.lang.CharSequence[]
android.graphics.Rect
android.content.pm.PackageManager
android.content.pm.ActivityInfo
boolean[]
android.os.Parcel
org.xmlpull.v1.XmlPullParser
org.xmlpull.v1.XmlPullParserException
java.lang.Integer
android.content.Intent$FilterComparison
android.content.Intent$ShortcutIconResource
android.app.Application$ActivityLifecycleCallbacks
android.view.ViewManager
android.view.Display
android.view.WindowManager$BadTokenException
android.content.res.TypedArray
android.os.IBinder
android.view.SurfaceHolder$Callback2
android.view.InputQueue$Callback
android.view.InputQueue
android.view.SurfaceHolder
android.app.LoaderManager$LoaderCallbacks
android.content.Loader
android.graphics.drawable.Drawable$Callback
android.view.accessibility.AccessibilityEventSource
android.util.Property
android.view.View$OnFocusChangeListener
android.view.View$OnClickListener
android.view.View$OnLongClickListener
android.view.View$OnKeyListener
android.view.View$OnTouchListener
android.view.View$OnLayoutChangeListener
android.view.View$OnAttachStateChangeListener
android.view.View$OnGenericMotionListener
android.view.View$OnHoverListener
android.view.View$OnDragListener
android.view.accessibility.AccessibilityNodeInfo
android.view.View$AccessibilityDelegate
android.view.accessibility.AccessibilityNodeProvider
android.view.ViewParent
android.view.KeyEvent$DispatcherState
android.view.inputmethod.EditorInfo
android.view.inputmethod.InputConnection
android.view.TouchDelegate
android.graphics.Matrix
android.graphics.Point
android.os.Handler
android.util.SparseArray
android.graphics.Paint
android.view.ViewTreeObserver
android.view.animation.Animation
android.view.View$OnSystemUiVisibilityChangeListener
android.view.View$DragShadowBuilder
android.view.DragEvent
android.view.ViewPropertyAnimator
android.view.View$4
android.view.View$3
android.view.View$2
android.view.View$1
android.view.ViewDebug$IntToString
android.view.ViewDebug$CapturedViewProperty
android.view.View$MeasureSpec
android.view.ViewDebug
android.view.ViewDebug$ExportedProperty
android.view.View$6
android.view.View$5
android.view.View$7
android.view.View$BaseSavedState
java.lang.Byte
android.graphics.Bitmap$Config
android.graphics.Bitmap$CompressFormat
android.util.DisplayMetrics
android.graphics.RectF
android.graphics.Region$Op
android.graphics.Path
android.graphics.Region
android.graphics.DrawFilter
android.graphics.Canvas$EdgeType
android.graphics.PorterDuff$Mode
android.graphics.Canvas$VertexMode
android.graphics.Picture
android.graphics.PorterDuff
android.app.FragmentTransaction
android.app.FragmentManager$BackStackEntry
android.app.FragmentManager$OnBackStackChangedListener
android.app.Fragment$SavedState
android.animation.Animator
android.app.Fragment$InstantiationException
android.app.Fragment$1
android.database.CharArrayBuffer
android.database.ContentObserver
android.database.DataSetObserver
android.app.ActionBar$LayoutParams
android.widget.SpinnerAdapter
android.app.ActionBar$OnNavigationListener
android.app.ActionBar$Tab
android.app.ActionBar$OnMenuVisibilityListener
android.app.ActionBar$TabListener
android.view.animation.LayoutAnimationController$AnimationParameters
android.view.animation.LayoutAnimationController
android.view.InputEvent
android.view.KeyCharacterMap
android.view.KeyCharacterMap$KeyData
android.view.MotionEvent$PointerProperties
android.view.MotionEvent$PointerProperties[]
android.view.MotionEvent$PointerCoords
android.view.MotionEvent$PointerCoords[]
android.view.ViewDebug$FlagToString
android.view.accessibility.AccessibilityRecord
android.view.SubMenu
android.view.MenuItem[]
android.view.MenuItem$OnMenuItemClickListener
android.view.ActionProvider
android.view.MenuItem$OnActionExpandListener
android.content.DialogInterface
android.content.DialogInterface$OnCancelListener
android.os.Message
android.content.DialogInterface$OnDismissListener
android.content.DialogInterface$OnShowListener
android.content.DialogInterface$OnKeyListener
android.net.Uri$Builder
android.net.StampUri
android.graphics.ColorFilter
android.util.TypedValue
android.graphics.BitmapFactory$Options
android.graphics.drawable.Drawable$ConstantState
android.graphics.BitmapFactory
android.view.LayoutInflater$Filter
android.view.InflateException
android.content.res.Resources$NotFoundException
android.content.IntentSender$OnFinished
android.util.AndroidException
android.app.PendingIntent$CanceledException
android.app.PendingIntent$OnFinished
android.content.SharedPreferences$Editor
android.content.SharedPreferences$OnSharedPreferenceChangeListener
android.content.res.AssetManager
android.os.Looper
android.content.pm.ApplicationInfo
java.io.FileInputStream
java.io.FileOutputStream
android.database.sqlite.SQLiteDatabase$CursorFactory
android.database.sqlite.SQLiteDatabase
android.database.DatabaseErrorHandler
android.content.BroadcastReceiver
android.content.IntentFilter
android.content.ServiceConnection
android.content.pm.PackageManager$NameNotFoundException
java.io.SyncFailedException
android.content.ContextWrapper$1
android.content.ContextWrapper$2
android.test.mock.MockContentResolver
android.os.Parcelable$ClassLoaderCreator
android.content.ContentProvider
android.os.CancellationSignal
android.os.ParcelFileDescriptor
android.content.res.AssetFileDescriptor
android.content.ContentValues
android.content.ContentProviderResult
android.content.ContentProviderResult[]
android.os.RemoteException
android.content.OperationApplicationException
android.content.ContentValues[]
android.content.ContentProviderClient
android.accounts.Account
android.content.SyncAdapterType
android.content.SyncAdapterType[]
android.content.SyncInfo
android.content.SyncStatusObserver
android.content.ContentResolver$1
android.test.mock.MockContentProvider
android.content.ClipData$Item
android.content.ClipDescription
java.util.AbstractList
java.util.RandomAccess
java.util.ArrayList$1
java.util.ArrayList$ArrayListIterator
android.content.pm.PackageInfo
android.content.pm.PermissionInfo
android.content.pm.PermissionGroupInfo
android.content.pm.ServiceInfo
android.content.pm.ProviderInfo
android.content.pm.FeatureInfo
android.content.pm.FeatureInfo[]
android.content.pm.ResolveInfo
android.content.pm.InstrumentationInfo
android.content.res.XmlResourceParser
android.content.ComponentName[]
android.content.pm.ComponentInfo
android.util.Printer
android.os.IInterface
android.util.SparseBooleanArray
android.os.IBinder[]
java.util.HashMap
android.graphics.Movie
android.content.res.ColorStateList
java.io.Reader
android.os.IBinder$DeathRecipient
android.view.SurfaceHolder$Callback
android.content.Loader$OnLoadCompleteListener
android.content.Loader$OnLoadCanceledListener
android.content.Loader$ForceLoadContentObserver
android.view.inputmethod.ExtractedTextRequest
android.view.inputmethod.ExtractedText
android.view.inputmethod.CompletionInfo
android.view.inputmethod.CorrectionInfo
android.text.InputType
android.graphics.Matrix$ScaleToFit
android.os.Handler$Callback
android.os.Handler$5
android.os.Handler$11
android.os.Handler$6
android.os.Handler$10
android.os.Handler$7
android.os.Handler$8
android.os.Handler$12
android.os.Handler$9
android.os.Handler$2
android.os.Handler$1
android.os.Handler$4
android.os.Handler$3
android.graphics.Paint$Style
android.graphics.Paint$Cap
android.graphics.Paint$Join
android.graphics.Shader
android.graphics.Xfermode
android.graphics.PathEffect
android.graphics.MaskFilter
android.graphics.Typeface
android.graphics.Rasterizer
android.graphics.Paint$Align
android.graphics.Paint$FontMetrics
android.graphics.Paint$FontMetricsInt
android.view.ViewTreeObserver$OnGlobalFocusChangeListener
android.view.ViewTreeObserver$OnGlobalLayoutListener
android.view.ViewTreeObserver$OnPreDrawListener
android.view.ViewTreeObserver$OnDrawListener
android.view.ViewTreeObserver$OnScrollChangedListener
android.view.ViewTreeObserver$OnTouchModeChangeListener
android.view.animation.Interpolator
android.view.animation.Animation$AnimationListener
android.view.animation.Transformation
android.view.animation.Animation$Description
android.view.ViewGroup$OnHierarchyChangeListener
android.animation.LayoutTransition
android.view.ViewGroup$MarginLayoutParams
android.animation.TimeInterpolator
android.animation.Animator$AnimatorListener
java.lang.Number
android.graphics.Bitmap$Config[]
android.graphics.Bitmap$CompressFormat[]
android.graphics.Region$Op[]
android.graphics.Path$FillType
android.graphics.Path$Direction
android.graphics.Canvas$EdgeType[]
android.graphics.PorterDuff$Mode[]
android.graphics.Canvas$VertexMode[]
android.widget.Adapter
android.view.InputDevice
android.view.KeyEvent[]
android.view.KeyCharacterMap$UnavailableException
android.view.ActionProvider$VisibilityListener
android.content.DialogInterface$OnClickListener
android.content.DialogInterface$OnMultiChoiceClickListener
android.os.Messenger
android.content.res.AssetManager$AssetInputStream
android.os.MessageQueue
java.lang.Thread
android.content.pm.PackageItemInfo
android.content.pm.ApplicationInfo$DisplayNameComparator
java.nio.channels.FileChannel
android.database.sqlite.SQLiteClosable
android.database.sqlite.SQLiteTransactionListener
android.database.sqlite.SQLiteStatement
android.database.SQLException
android.database.sqlite.SQLiteCursorDriver
android.database.sqlite.SQLiteQuery
android.content.BroadcastReceiver$PendingResult
android.content.BroadcastReceiver$1
android.content.IntentFilter$MalformedMimeTypeException
android.content.IntentFilter$AuthorityEntry
android.os.PatternMatcher
org.xmlpull.v1.XmlSerializer
android.content.pm.PathPermission
android.content.pm.PathPermission[]
android.content.ContentProvider$PipeDataWriter
android.os.CancellationSignal$OnCancelListener
java.net.Socket
java.net.DatagramSocket
android.os.ParcelFileDescriptor[]
android.os.ParcelFileDescriptor$AutoCloseOutputStream
android.os.ParcelFileDescriptor$AutoCloseInputStream
android.content.res.AssetFileDescriptor$AutoCloseOutputStream
android.content.res.AssetFileDescriptor$AutoCloseInputStream
java.lang.Short
java.lang.Long
java.lang.Float
java.lang.Double
java.lang.Boolean
java.util.AbstractCollection
android.content.pm.ActivityInfo[]
android.content.pm.ServiceInfo[]
android.content.pm.ProviderInfo[]
android.content.pm.InstrumentationInfo[]
android.content.pm.PermissionInfo[]
android.content.pm.Signature
android.content.pm.Signature[]
android.content.pm.ConfigurationInfo
android.content.pm.ConfigurationInfo[]
android.os.PatternMatcher[]
android.content.pm.ResolveInfo$DisplayNameComparator
java.util.AbstractMap
int[][]
android.view.Surface
android.view.SurfaceHolder$BadSurfaceTypeException
android.graphics.Matrix$ScaleToFit[]
android.graphics.Paint$Style[]
android.graphics.Paint$Cap[]
android.graphics.Paint$Join[]
android.graphics.Shader$TileMode
android.graphics.Paint$Align[]
android.animation.LayoutTransition$TransitionListener
java.util.Random
android.graphics.Path$FillType[]
android.graphics.Path$Direction[]
android.view.InputDevice$MotionRange
android.os.Vibrator
android.os.MessageQueue$IdleHandler
java.lang.ThreadGroup
java.lang.Thread[]
java.lang.Thread$UncaughtExceptionHandler
java.lang.Thread$State
android.content.pm.PackageItemInfo$DisplayNameComparator
java.nio.channels.spi.AbstractInterruptibleChannel
java.nio.channels.GatheringByteChannel
java.nio.channels.ScatteringByteChannel
java.nio.channels.ByteChannel
java.nio.channels.FileLock
java.nio.channels.FileChannel$MapMode
java.nio.MappedByteBuffer
java.nio.ByteBuffer[]
java.nio.channels.ReadableByteChannel
java.nio.channels.WritableByteChannel
android.database.sqlite.SQLiteProgram
java.lang.IllegalStateException
java.net.SocketImpl
java.net.SocketImplFactory
java.nio.channels.SocketChannel
java.net.DatagramSocketImpl
java.net.DatagramPacket
java.net.DatagramSocketImplFactory
java.nio.channels.DatagramChannel
java.util.AbstractMap$SimpleImmutableEntry
java.util.AbstractMap$SimpleEntry
android.graphics.SurfaceTexture
android.view.Surface$OutOfResourcesException
java.lang.ThreadGroup[]
java.lang.Thread$State[]
java.nio.channels.Channel
java.nio.channels.InterruptibleChannel
java.nio.channels.AsynchronousCloseException
java.net.SocketOptions
java.nio.channels.spi.AbstractSelectableChannel
java.nio.channels.spi.SelectorProvider
android.graphics.SurfaceTexture$OnFrameAvailableListener
android.graphics.SurfaceTexture$OutOfResourcesException
java.nio.channels.ClosedChannelException
java.nio.channels.SelectableChannel
java.nio.channels.Selector
java.nio.channels.SelectionKey
java.nio.channels.Pipe
java.nio.channels.spi.AbstractSelector
java.nio.channels.ServerSocketChannel
java.nio.channels.Pipe$SinkChannel
java.nio.channels.Pipe$SourceChannel
java.nio.channels.spi.AbstractSelectionKey
java.net.ServerSocket
android.location.Location
android.telephony.PhoneStateListener
android.telephony.CellLocation
android.telephony.cdma.CdmaCellLocation
android.telephony.TelephonyManager$1
android.telephony.gsm.GsmCellLocation
android.location.LocationListener
android.location.GpsStatus$NmeaListener
android.location.LocationProvider
android.location.Criteria
android.location.GpsStatus$Listener
android.location.GpsStatus
android.location.LocationManager$2
android.location.LocationManager$1
android.view.ViewDebug$RecyclerTraceType
android.view.ViewDebug$HierarchyTraceType
android.view.ViewDebug$IntToString[]
android.view.ViewDebug$FlagToString[]
android.view.AbsSavedState
android.util.AndroidRuntimeException
android.test.mock.MockCursor
android.graphics.Shader$TileMode[]
android.telephony.ServiceState
android.telephony.SignalStrength
android.view.ViewDebug$RecyclerTraceType[]
android.view.ViewDebug$HierarchyTraceType[]
android.os.AsyncTask
java.util.concurrent.Executor
android.os.AsyncTask$Status
java.util.concurrent.ExecutionException
java.util.concurrent.TimeUnit
java.util.concurrent.TimeoutException
android.os.AsyncTask$Status[]
java.util.concurrent.TimeUnit[]
android.util.Log
dalvik.annotation.AnnotationDefault
dalvik.annotation.EnclosingClass
dalvik.annotation.InnerClass
dalvik.annotation.MemberClasses
dalvik.annotation.Signature
edu.stanford.stamp.annotation.Flow
java.lang.Void
org.apache.http.HttpEntity
org.apache.http.Header
org.apache.http.HeaderElement
org.apache.http.HeaderElement[]
org.apache.http.ParseException
org.apache.http.NameValuePair
org.apache.http.NameValuePair[]
org.apache.http.HttpResponse
org.apache.http.HttpMessage
org.apache.http.StatusLine
org.apache.http.ProtocolVersion
org.apache.http.Header[]
org.apache.http.HeaderIterator
org.apache.http.params.HttpParams
org.apache.http.client.HttpClient
org.apache.http.conn.ClientConnectionManager
org.apache.http.client.methods.HttpUriRequest
org.apache.http.client.ClientProtocolException
org.apache.http.protocol.HttpContext
org.apache.http.HttpHost
org.apache.http.HttpRequest
org.apache.http.client.ResponseHandler
org.apache.http.conn.scheme.SchemeRegistry
org.apache.http.conn.routing.HttpRoute
org.apache.http.conn.ClientConnectionRequest
org.apache.http.conn.ManagedClientConnection
org.apache.http.RequestLine
org.apache.http.conn.scheme.Scheme
org.apache.http.conn.ConnectionPoolTimeoutException
org.apache.http.conn.routing.RouteInfo
org.apache.http.HttpHost[]
org.apache.http.conn.routing.RouteInfo$TunnelType
org.apache.http.conn.routing.RouteInfo$LayerType
org.apache.http.HttpClientConnection
org.apache.http.HttpInetConnection
org.apache.http.conn.ConnectionReleaseTrigger
javax.net.ssl.SSLSession
org.apache.http.conn.scheme.SocketFactory
org.apache.http.conn.ConnectTimeoutException
org.apache.http.conn.routing.RouteInfo$TunnelType[]
org.apache.http.conn.routing.RouteInfo$LayerType[]
org.apache.http.HttpConnection
org.apache.http.HttpException
org.apache.http.HttpEntityEnclosingRequest
javax.security.cert.X509Certificate
javax.security.cert.X509Certificate[]
javax.net.ssl.SSLPeerUnverifiedException
javax.net.ssl.SSLSessionContext
java.io.InterruptedIOException
org.apache.http.HttpConnectionMetrics
javax.security.cert.Certificate
javax.security.cert.CertificateException
javax.security.cert.CertificateExpiredException
javax.security.cert.CertificateNotYetValidException
java.math.BigInteger
javax.net.ssl.SSLException
javax.security.cert.CertificateEncodingException
java.math.BigInteger[]
org.apache.http.client.methods.HttpGet
org.apache.http.client.methods.HttpRequestBase
org.apache.http.message.AbstractHttpMessage
org.apache.http.client.methods.AbortableHttpRequest
org.apache.http.message.HeaderGroup
org.apache.http.impl.client.DefaultHttpClient
org.apache.http.impl.client.AbstractHttpClient
org.apache.http.protocol.HttpRequestExecutor
org.apache.http.ConnectionReuseStrategy
org.apache.http.conn.ConnectionKeepAliveStrategy
org.apache.http.auth.AuthSchemeRegistry
org.apache.http.cookie.CookieSpecRegistry
org.apache.http.protocol.BasicHttpProcessor
org.apache.http.client.HttpRequestRetryHandler
org.apache.http.client.RedirectHandler
org.apache.http.client.AuthenticationHandler
org.apache.http.client.CookieStore
org.apache.http.client.CredentialsProvider
org.apache.http.conn.routing.HttpRoutePlanner
org.apache.http.client.UserTokenHandler
org.apache.http.HttpResponseInterceptor
org.apache.http.HttpRequestInterceptor
org.apache.http.protocol.HttpProcessor
org.apache.http.client.RequestDirector
org.apache.http.auth.AuthSchemeFactory
org.apache.http.auth.AuthScheme
org.apache.http.cookie.CookieSpecFactory
org.apache.http.cookie.CookieSpec
org.apache.http.protocol.HttpRequestInterceptorList
org.apache.http.protocol.HttpResponseInterceptorList
org.apache.http.ProtocolException
org.apache.http.auth.MalformedChallengeException
org.apache.http.auth.AuthenticationException
org.apache.http.cookie.Cookie
org.apache.http.auth.AuthScope
org.apache.http.auth.Credentials
org.apache.http.cookie.CookieOrigin
org.apache.http.cookie.MalformedCookieException
org.apache.http.util.EntityUtils
stamp.stanford.malware.BuildConfig
stamp.stanford.malware.Malware$1
stamp.stanford.malware.Malware$LeakInfo
stamp.stanford.malware.Malware
stamp.stanford.malware.Malware$MyLocationListener
stamp.stanford.malware.R$attr
stamp.stanford.malware.R$drawable
stamp.stanford.malware.R$layout
stamp.stanford.malware.R$string
stamp.stanford.malware.R
edu.stanford.stamp.annotation.Flow[]
java.lang.Character
java.lang.Character$UnicodeBlock
java.lang.Character$Subset
java.lang.AssertionError
java.lang.InstantiationError
java.lang.IncompatibleClassChangeError
java.lang.ref.Finalizer
java.lang.NoSuchFieldError
java.lang.StackOverflowError
java.lang.VirtualMachineError
java.lang.IllegalAccessError
java.lang.ArrayStoreException
java.lang.NoSuchMethodError
java.lang.ExceptionInInitializerError
java.lang.InternalError
java.lang.VerifyError
java.lang.ArrayIndexOutOfBoundsException
java.lang.IndexOutOfBoundsException
java.lang.ClassCastException
java.lang.ArithmeticException
java.lang.AbstractMethodError
java.lang.ThreadDeath
java.lang.UnknownError
java.lang.ClassCircularityError
java.lang.NegativeArraySizeException
java.lang.UnsatisfiedLinkError
java.lang.OutOfMemoryError
java.lang.IllegalMonitorStateException
java.lang.NullPointerException
edu.stanford.stamp.harness.Main
unknown
long2ndhalf
double2ndhalf
Any_subtype_of_java.lang.Throwable
Any_subtype_of_java.lang.ClassFormatError
Any_subtype_of_java.lang.Error
null_type
<error>
address
Any_subtype_of_java.lang.RuntimeException
java.io.Serializable[]
java.lang.Comparable[]
java.lang.reflect.AnnotatedElement[]
java.lang.reflect.GenericDeclaration[]
java.lang.Enum[]
java.lang.Cloneable[]
android.content.pm.ComponentInfo[]
android.content.pm.PackageItemInfo[]
Any_subtype_of_java.lang.InterruptedException
java.lang.Runnable[]
java.nio.Buffer[]
java.lang.Thread$UncaughtExceptionHandler[]
bottom_type
Any_subtype_of_java.net.MalformedURLException
Any_subtype_of_java.io.IOException
[0..1]
[0..127]
Any_subtype_of_stamp.stanford.malware.Malware
Any_subtype_of_java.util.List
Any_subtype_of_edu.stanford.stamp.harness.Callback
Any_subtype_of_java.util.ArrayList
Any_subtype_of_edu.stanford.stamp.harness.ApplicationDriver
Any_subtype_of_android.app.Activity
Any_subtype_of_android.content.Intent
Any_subtype_of_android.view.View$OnLongClickListener
Any_subtype_of_android.view.View$OnClickListener
Any_subtype_of_android.view.View$OnFocusChangeListener
Any_subtype_of_android.view.View
Any_subtype_of_android.view.View$OnKeyListener
Any_subtype_of_android.view.View$OnCreateContextMenuListener
Any_subtype_of_android.view.View$OnTouchListener
Any_subtype_of_android.app.Fragment
Any_subtype_of_android.content.BroadcastReceiver
Any_subtype_of_android.database.ContentObserver
Any_subtype_of_android.os.Handler
Any_subtype_of_java.lang.Runnable
Any_subtype_of_android.telephony.PhoneStateListener
Any_subtype_of_android.telephony.TelephonyManager
Any_subtype_of_android.location.GpsStatus$NmeaListener
Any_subtype_of_android.location.LocationListener
Any_subtype_of_android.location.LocationManager
Any_subtype_of_android.app.Activity$1
Any_subtype_of_android.app.Activity$2
Any_subtype_of_android.app.Activity$3
Any_subtype_of_android.app.Activity$4
Any_subtype_of_android.app.Activity$5
Any_subtype_of_android.app.Activity$6
Any_subtype_of_android.app.Activity$7
Any_subtype_of_android.app.Activity$8
Any_subtype_of_android.app.Activity$9
Any_subtype_of_android.app.Activity$10
Any_subtype_of_android.app.Activity$11
Any_subtype_of_android.app.Activity$12
Any_subtype_of_android.app.Activity$13
Any_subtype_of_android.app.Activity$14
Any_subtype_of_android.app.Activity$15
Any_subtype_of_android.app.Activity$16
Any_subtype_of_android.app.Activity$17
Any_subtype_of_android.app.Activity$18
Any_subtype_of_android.app.Activity$19
Any_subtype_of_android.app.Activity$20
Any_subtype_of_android.app.Activity$21
Any_subtype_of_android.app.Activity$22
Any_subtype_of_android.app.Activity$23
Any_subtype_of_android.app.Activity$24
Any_subtype_of_android.app.Activity$25
Any_subtype_of_android.app.Activity$26
Any_subtype_of_android.app.Activity$27
Any_subtype_of_android.app.Activity$28
Any_subtype_of_android.app.Activity$29
Any_subtype_of_android.app.Activity$30
Any_subtype_of_android.app.Activity$31
Any_subtype_of_android.app.Activity$32
Any_subtype_of_android.app.Activity$33
Any_subtype_of_android.app.Activity$34
Any_subtype_of_android.app.Activity$35
Any_subtype_of_android.app.Activity$36
Any_subtype_of_android.app.Activity$37
Any_subtype_of_android.app.Activity$38
Any_subtype_of_android.app.Activity$39
Any_subtype_of_android.app.Activity$40
Any_subtype_of_android.app.Activity$41
Any_subtype_of_android.app.Activity$42
Any_subtype_of_android.app.Activity$43
Any_subtype_of_android.app.Activity$44
Any_subtype_of_android.app.Activity$45
Any_subtype_of_android.app.Activity$46
Any_subtype_of_android.app.Activity$47
Any_subtype_of_android.app.Activity$48
Any_subtype_of_android.app.Activity$49
Any_subtype_of_android.app.Activity$50
Any_subtype_of_android.app.Activity$51
Any_subtype_of_android.app.Activity$52
Any_subtype_of_stamp.stanford.malware.Malware$MyLocationListener
Any_subtype_of_android.os.Bundle
Any_subtype_of_android.telephony.cdma.CdmaCellLocation
Any_subtype_of_android.telephony.gsm.GsmCellLocation
Any_subtype_of_stamp.stanford.malware.Malware$LeakInfo
Any_subtype_of_java.lang.StringBuilder
Any_subtype_of_android.location.Location
Any_subtype_of_java.lang.String
Any_subtype_of_java.util.AbstractList
Any_subtype_of_android.view.ContextThemeWrapper
Any_subtype_of_android.os.AsyncTask
Any_subtype_of_java.lang.Exception
Any_subtype_of_java.util.AbstractCollection
Any_subtype_of_android.content.ContextWrapper
Any_subtype_of_android.test.mock.MockContentResolver
Any_subtype_of_android.location.LocationManager$1
Any_subtype_of_android.telephony.CellLocation
Any_subtype_of_java.lang.AbstractStringBuilder
Any_subtype_of_android.content.Context
Any_subtype_of_org.apache.http.impl.client.DefaultHttpClient
Any_subtype_of_org.apache.http.client.methods.HttpGet
Any_subtype_of_org.apache.http.HttpResponse
Any_subtype_of_android.content.ContentResolver
Any_subtype_of_android.test.mock.MockContentProvider
Any_subtype_of_org.apache.http.impl.client.AbstractHttpClient
Any_subtype_of_org.apache.http.client.methods.HttpRequestBase
Any_subtype_of_android.content.ContentProvider
Any_subtype_of_org.apache.http.message.AbstractHttpMessage
