param$0@<java.util.ArrayList: java.lang.Object get(int)>
i0!int@<java.util.ArrayList: java.lang.Object get(int)>
$l0!long@<android.os.Handler$5: void run()>
param$0@<java.lang.Thread: void sleep(long)>
l0!long@<java.lang.Thread: void sleep(long)>
$l0!long@<stamp.stanford.malware.Malware: void onCreate(android.os.Bundle)>
$f0!float@<stamp.stanford.malware.Malware: void onCreate(android.os.Bundle)>
$i1!int@<stamp.stanford.malware.Malware: void onCreate(android.os.Bundle)>
param$0@<android.app.Activity: boolean onKeyDown(int,android.view.KeyEvent)>
return@<android.app.Activity: boolean onKeyDown(int,android.view.KeyEvent)>
i0!int@<android.app.Activity: boolean onKeyDown(int,android.view.KeyEvent)>
return@<android.app.Activity: boolean onCreateThumbnail(android.graphics.Bitmap,android.graphics.Canvas)>
param$0@<android.app.Activity: boolean onKeyLongPress(int,android.view.KeyEvent)>
return@<android.app.Activity: boolean onKeyLongPress(int,android.view.KeyEvent)>
i0!int@<android.app.Activity: boolean onKeyLongPress(int,android.view.KeyEvent)>
param$0@<android.app.Activity: boolean onKeyMultiple(int,int,android.view.KeyEvent)>
param$1@<android.app.Activity: boolean onKeyMultiple(int,int,android.view.KeyEvent)>
return@<android.app.Activity: boolean onKeyMultiple(int,int,android.view.KeyEvent)>
i0!int@<android.app.Activity: boolean onKeyMultiple(int,int,android.view.KeyEvent)>
i1!int@<android.app.Activity: boolean onKeyMultiple(int,int,android.view.KeyEvent)>
param$0@<android.app.Activity: boolean onKeyUp(int,android.view.KeyEvent)>
return@<android.app.Activity: boolean onKeyUp(int,android.view.KeyEvent)>
i0!int@<android.app.Activity: boolean onKeyUp(int,android.view.KeyEvent)>
return@<android.app.Activity: boolean onTouchEvent(android.view.MotionEvent)>
return@<android.app.Activity: boolean onTrackballEvent(android.view.MotionEvent)>
param$0@<android.app.Activity: void onWindowFocusChanged(boolean)>
z0!boolean@<android.app.Activity: void onWindowFocusChanged(boolean)>
param$0@<android.app.Activity: boolean onMenuItemSelected(int,android.view.MenuItem)>
return@<android.app.Activity: boolean onMenuItemSelected(int,android.view.MenuItem)>
i0!int@<android.app.Activity: boolean onMenuItemSelected(int,android.view.MenuItem)>
param$0@<android.app.Activity: boolean onMenuOpened(int,android.view.Menu)>
return@<android.app.Activity: boolean onMenuOpened(int,android.view.Menu)>
i0!int@<android.app.Activity: boolean onMenuOpened(int,android.view.Menu)>
param$0@<android.app.Activity: boolean onPreparePanel(int,android.view.View,android.view.Menu)>
return@<android.app.Activity: boolean onPreparePanel(int,android.view.View,android.view.Menu)>
i0!int@<android.app.Activity: boolean onPreparePanel(int,android.view.View,android.view.Menu)>
param$0@<android.app.Activity: boolean onCreatePanelMenu(int,android.view.Menu)>
return@<android.app.Activity: boolean onCreatePanelMenu(int,android.view.Menu)>
i0!int@<android.app.Activity: boolean onCreatePanelMenu(int,android.view.Menu)>
return@<android.app.Activity: boolean onOptionsItemSelected(android.view.MenuItem)>
return@<android.app.Activity: boolean onPrepareOptionsMenu(android.view.Menu)>
return@<android.app.Activity: boolean onCreateOptionsMenu(android.view.Menu)>
param$0@<android.app.Activity: void onPanelClosed(int,android.view.Menu)>
i0!int@<android.app.Activity: void onPanelClosed(int,android.view.Menu)>
return@<android.app.Activity: boolean dispatchKeyEvent(android.view.KeyEvent)>
param$0@<android.app.Activity: android.view.View onCreatePanelView(int)>
i0!int@<android.app.Activity: android.view.View onCreatePanelView(int)>
return@<android.app.Activity: boolean dispatchPopulateAccessibilityEvent(android.view.accessibility.AccessibilityEvent)>
return@<android.app.Activity: boolean onSearchRequested()>
return@<android.app.Activity: boolean dispatchTouchEvent(android.view.MotionEvent)>
return@<android.app.Activity: boolean dispatchKeyShortcutEvent(android.view.KeyEvent)>
return@<android.app.Activity: boolean dispatchGenericMotionEvent(android.view.MotionEvent)>
return@<android.app.Activity: boolean dispatchTrackballEvent(android.view.MotionEvent)>
param$0@<android.app.Activity: void onActivityResult(int,int,android.content.Intent)>
param$1@<android.app.Activity: void onActivityResult(int,int,android.content.Intent)>
i0!int@<android.app.Activity: void onActivityResult(int,int,android.content.Intent)>
i1!int@<android.app.Activity: void onActivityResult(int,int,android.content.Intent)>
param$0@<android.view.View: void onMeasure(int,int)>
param$1@<android.view.View: void onMeasure(int,int)>
i0!int@<android.view.View: void onMeasure(int,int)>
i1!int@<android.view.View: void onMeasure(int,int)>
param$0@<android.view.View: void onLayout(boolean,int,int,int,int)>
param$1@<android.view.View: void onLayout(boolean,int,int,int,int)>
param$2@<android.view.View: void onLayout(boolean,int,int,int,int)>
param$3@<android.view.View: void onLayout(boolean,int,int,int,int)>
param$4@<android.view.View: void onLayout(boolean,int,int,int,int)>
z0!boolean@<android.view.View: void onLayout(boolean,int,int,int,int)>
i0!int@<android.view.View: void onLayout(boolean,int,int,int,int)>
i1!int@<android.view.View: void onLayout(boolean,int,int,int,int)>
i2!int@<android.view.View: void onLayout(boolean,int,int,int,int)>
i3!int@<android.view.View: void onLayout(boolean,int,int,int,int)>
param$0@<android.view.View: void onSizeChanged(int,int,int,int)>
param$1@<android.view.View: void onSizeChanged(int,int,int,int)>
param$2@<android.view.View: void onSizeChanged(int,int,int,int)>
param$3@<android.view.View: void onSizeChanged(int,int,int,int)>
i0!int@<android.view.View: void onSizeChanged(int,int,int,int)>
i1!int@<android.view.View: void onSizeChanged(int,int,int,int)>
i2!int@<android.view.View: void onSizeChanged(int,int,int,int)>
i3!int@<android.view.View: void onSizeChanged(int,int,int,int)>
return@<android.view.View: boolean onTouchEvent(android.view.MotionEvent)>
return@<android.view.View: boolean onTrackballEvent(android.view.MotionEvent)>
param$0@<android.view.View: boolean onKeyUp(int,android.view.KeyEvent)>
return@<android.view.View: boolean onKeyUp(int,android.view.KeyEvent)>
i0!int@<android.view.View: boolean onKeyUp(int,android.view.KeyEvent)>
param$0@<android.view.View: boolean onKeyDown(int,android.view.KeyEvent)>
return@<android.view.View: boolean onKeyDown(int,android.view.KeyEvent)>
i0!int@<android.view.View: boolean onKeyDown(int,android.view.KeyEvent)>
param$0@<android.view.View: void onFocusChanged(boolean,int,android.graphics.Rect)>
param$1@<android.view.View: void onFocusChanged(boolean,int,android.graphics.Rect)>
z0!boolean@<android.view.View: void onFocusChanged(boolean,int,android.graphics.Rect)>
i0!int@<android.view.View: void onFocusChanged(boolean,int,android.graphics.Rect)>
param$0@<android.view.View: void onWindowFocusChanged(boolean)>
z0!boolean@<android.view.View: void onWindowFocusChanged(boolean)>
param$0@<android.view.View: void onWindowVisibilityChanged(int)>
i0!int@<android.view.View: void onWindowVisibilityChanged(int)>
param$0@<android.app.Fragment: void onHiddenChanged(boolean)>
z0!boolean@<android.app.Fragment: void onHiddenChanged(boolean)>
param$0@<android.app.Fragment: void onActivityResult(int,int,android.content.Intent)>
param$1@<android.app.Fragment: void onActivityResult(int,int,android.content.Intent)>
i0!int@<android.app.Fragment: void onActivityResult(int,int,android.content.Intent)>
i1!int@<android.app.Fragment: void onActivityResult(int,int,android.content.Intent)>
param$0@<android.app.Fragment: void onTrimMemory(int)>
i0!int@<android.app.Fragment: void onTrimMemory(int)>
return@<android.app.Fragment: boolean onOptionsItemSelected(android.view.MenuItem)>
return@<android.app.Fragment: boolean onContextItemSelected(android.view.MenuItem)>
param$0@<android.content.Loader$ForceLoadContentObserver: void onChange(boolean)>
z0!boolean@<android.content.Loader$ForceLoadContentObserver: void onChange(boolean)>
param$0@<android.telephony.PhoneStateListener: void onCallStateChanged(int,java.lang.String)>
i0!int@<android.telephony.PhoneStateListener: void onCallStateChanged(int,java.lang.String)>
b0!byte@<android.telephony.TelephonyManager: android.telephony.CellLocation getCellLocation()>
$d0!double@<stamp.stanford.malware.Malware$MyLocationListener: void onLocationChanged(android.location.Location)>
$d1!double@<stamp.stanford.malware.Malware$MyLocationListener: void onLocationChanged(android.location.Location)>
$b0!byte@<stamp.stanford.malware.Malware$MyLocationListener: void onLocationChanged(android.location.Location)>
$b1!byte@<stamp.stanford.malware.Malware$MyLocationListener: void onLocationChanged(android.location.Location)>
$d2!double@<stamp.stanford.malware.Malware$MyLocationListener: void onLocationChanged(android.location.Location)>
$d3!double@<stamp.stanford.malware.Malware$MyLocationListener: void onLocationChanged(android.location.Location)>
return@<java.util.ArrayList: boolean add(java.lang.Object)>
$z0!boolean@<android.app.Activity: java.lang.Object getSystemService(java.lang.String)>
$z1!boolean@<android.app.Activity: java.lang.Object getSystemService(java.lang.String)>
param$0@<android.app.Activity: void setContentView(int)>
i0!int@<android.app.Activity: void setContentView(int)>
param$1@<android.location.LocationManager: void requestLocationUpdates(java.lang.String,long,float,android.location.LocationListener)>
param$2@<android.location.LocationManager: void requestLocationUpdates(java.lang.String,long,float,android.location.LocationListener)>
l0!long@<android.location.LocationManager: void requestLocationUpdates(java.lang.String,long,float,android.location.LocationListener)>
f0!float@<android.location.LocationManager: void requestLocationUpdates(java.lang.String,long,float,android.location.LocationListener)>
param$0@<java.lang.StringBuilder: java.lang.StringBuilder append(double)>
d0!double@<java.lang.StringBuilder: java.lang.StringBuilder append(double)>
return@<android.location.Location: double getLatitude()>
return@<android.location.Location: double getLongitude()>
return@<java.lang.String: boolean equals(java.lang.Object)>
$b0!byte@<stamp.stanford.malware.Malware$LeakInfo: java.lang.Void doInBackground(java.lang.String[])>
return@<android.util.Log: int i(java.lang.String,java.lang.String)>
