param$0@<java.util.ArrayList: java.lang.Object get(int)>
i0!int@<java.util.ArrayList: java.lang.Object get(int)>
$l0!long@<android.os.Handler$5: void run()>
$l0!long@<stamp.stanford.malware.Malware: void onCreate(android.os.Bundle)>
$f0!float@<stamp.stanford.malware.Malware: void onCreate(android.os.Bundle)>
$i1!int@<stamp.stanford.malware.Malware: void onCreate(android.os.Bundle)>
b0!byte@<android.telephony.TelephonyManager: android.telephony.CellLocation getCellLocation()>
$d0!double@<stamp.stanford.malware.Malware$MyLocationListener: void onLocationChanged(android.location.Location)>
$d1!double@<stamp.stanford.malware.Malware$MyLocationListener: void onLocationChanged(android.location.Location)>
$b0!byte@<stamp.stanford.malware.Malware$MyLocationListener: void onLocationChanged(android.location.Location)>
$b1!byte@<stamp.stanford.malware.Malware$MyLocationListener: void onLocationChanged(android.location.Location)>
$d2!double@<stamp.stanford.malware.Malware$MyLocationListener: void onLocationChanged(android.location.Location)>
$d3!double@<stamp.stanford.malware.Malware$MyLocationListener: void onLocationChanged(android.location.Location)>
return@<java.util.ArrayList: boolean add(java.lang.Object)>
$z0!boolean@<android.app.Activity: java.lang.Object getSystemService(java.lang.String)>
$z1!boolean@<android.app.Activity: java.lang.Object getSystemService(java.lang.String)>
param$1@<android.location.LocationManager: void requestLocationUpdates(java.lang.String,long,float,android.location.LocationListener)>
param$2@<android.location.LocationManager: void requestLocationUpdates(java.lang.String,long,float,android.location.LocationListener)>
l0!long@<android.location.LocationManager: void requestLocationUpdates(java.lang.String,long,float,android.location.LocationListener)>
f0!float@<android.location.LocationManager: void requestLocationUpdates(java.lang.String,long,float,android.location.LocationListener)>
param$0@<java.lang.StringBuilder: java.lang.StringBuilder append(double)>
d0!double@<java.lang.StringBuilder: java.lang.StringBuilder append(double)>
return@<android.location.Location: double getLatitude()>
return@<android.location.Location: double getLongitude()>
return@<java.lang.String: boolean equals(java.lang.Object)>
$b0!byte@<stamp.stanford.malware.Malware$LeakInfo: java.lang.Void doInBackground(java.lang.String[])>
return@<android.util.Log: int i(java.lang.String,java.lang.String)>
