param$0@<edu.stanford.stamp.harness.Main: void main(java.lang.String[])>
r0!java.lang.String[]@<edu.stanford.stamp.harness.Main: void main(java.lang.String[])>
r1!stamp.stanford.malware.Malware@<edu.stanford.stamp.harness.Main: void main(java.lang.String[])>
$r0!java.util.List@<edu.stanford.stamp.harness.ApplicationDriver: void callCallbacks()>
$r1!java.lang.Object@<edu.stanford.stamp.harness.ApplicationDriver: void callCallbacks()>
$r2!edu.stanford.stamp.harness.Callback@<edu.stanford.stamp.harness.ApplicationDriver: void callCallbacks()>
shord.analyses.CastVarNode@3ae788f9
$r0!java.util.ArrayList@<edu.stanford.stamp.harness.ApplicationDriver: void <clinit>()>
$r1!edu.stanford.stamp.harness.ApplicationDriver@<edu.stanford.stamp.harness.ApplicationDriver: void <clinit>()>
this@<stamp.stanford.malware.Malware: void <init>()>
$r0!stamp.stanford.malware.Malware@<stamp.stanford.malware.Malware: void <init>()>
this@<java.util.ArrayList: java.lang.Object get(int)>
return@<java.util.ArrayList: java.lang.Object get(int)>
r0!java.util.ArrayList@<java.util.ArrayList: java.lang.Object get(int)>
$r1!java.lang.Object@<java.util.ArrayList: java.lang.Object get(int)>
this@<android.app.Activity$9: void run()>
r0!android.app.Activity$9@<android.app.Activity$9: void run()>
$r1!android.app.Activity@<android.app.Activity$9: void run()>
this@<android.app.Activity$4: void run()>
r0!android.app.Activity$4@<android.app.Activity$4: void run()>
$r1!android.app.Activity@<android.app.Activity$4: void run()>
this@<android.app.Activity$3: void run()>
r0!android.app.Activity$3@<android.app.Activity$3: void run()>
$r1!android.app.Activity@<android.app.Activity$3: void run()>
this@<android.app.Activity$2: void run()>
r0!android.app.Activity$2@<android.app.Activity$2: void run()>
$r1!android.app.Activity@<android.app.Activity$2: void run()>
this@<android.app.Activity$1: void run()>
r0!android.app.Activity$1@<android.app.Activity$1: void run()>
$r1!android.app.Activity@<android.app.Activity$1: void run()>
this@<android.app.Activity$8: void run()>
r0!android.app.Activity$8@<android.app.Activity$8: void run()>
$r1!android.app.Activity@<android.app.Activity$8: void run()>
this@<android.app.Activity$7: void run()>
r0!android.app.Activity$7@<android.app.Activity$7: void run()>
$r1!android.app.Activity@<android.app.Activity$7: void run()>
this@<android.app.Activity$6: void run()>
r0!android.app.Activity$6@<android.app.Activity$6: void run()>
$r1!android.app.Activity@<android.app.Activity$6: void run()>
this@<android.app.Activity$5: void run()>
r0!android.app.Activity$5@<android.app.Activity$5: void run()>
$r1!android.app.Activity@<android.app.Activity$5: void run()>
this@<android.app.Activity$19: void run()>
r0!android.app.Activity$19@<android.app.Activity$19: void run()>
$r1!android.app.Activity@<android.app.Activity$19: void run()>
this@<android.app.Activity$18: void run()>
r0!android.app.Activity$18@<android.app.Activity$18: void run()>
$r1!android.app.Activity@<android.app.Activity$18: void run()>
this@<android.app.Activity$10: void run()>
r0!android.app.Activity$10@<android.app.Activity$10: void run()>
$r1!android.app.Activity@<android.app.Activity$10: void run()>
this@<android.app.Activity$11: void run()>
r0!android.app.Activity$11@<android.app.Activity$11: void run()>
$r1!android.app.Activity@<android.app.Activity$11: void run()>
this@<android.app.Activity$12: void run()>
r0!android.app.Activity$12@<android.app.Activity$12: void run()>
$r1!android.app.Activity@<android.app.Activity$12: void run()>
this@<android.app.Activity$13: void run()>
r0!android.app.Activity$13@<android.app.Activity$13: void run()>
$r1!android.app.Activity@<android.app.Activity$13: void run()>
this@<android.app.Activity$14: void run()>
r0!android.app.Activity$14@<android.app.Activity$14: void run()>
$r1!android.app.Activity@<android.app.Activity$14: void run()>
this@<android.app.Activity$15: void run()>
r0!android.app.Activity$15@<android.app.Activity$15: void run()>
$r1!android.app.Activity@<android.app.Activity$15: void run()>
this@<android.app.Activity$16: void run()>
r0!android.app.Activity$16@<android.app.Activity$16: void run()>
$r1!android.app.Activity@<android.app.Activity$16: void run()>
this@<android.app.Activity$17: void run()>
r0!android.app.Activity$17@<android.app.Activity$17: void run()>
$r1!android.app.Activity@<android.app.Activity$17: void run()>
this@<android.app.Activity$20: void run()>
r0!android.app.Activity$20@<android.app.Activity$20: void run()>
$r1!android.app.Activity@<android.app.Activity$20: void run()>
this@<android.app.Activity$22: void run()>
r0!android.app.Activity$22@<android.app.Activity$22: void run()>
$r1!android.app.Activity@<android.app.Activity$22: void run()>
this@<android.app.Activity$21: void run()>
r0!android.app.Activity$21@<android.app.Activity$21: void run()>
$r1!android.app.Activity@<android.app.Activity$21: void run()>
this@<android.app.Activity$24: void run()>
r0!android.app.Activity$24@<android.app.Activity$24: void run()>
$r1!android.app.Activity@<android.app.Activity$24: void run()>
this@<android.app.Activity$23: void run()>
r0!android.app.Activity$23@<android.app.Activity$23: void run()>
$r1!android.app.Activity@<android.app.Activity$23: void run()>
this@<android.app.Activity$26: void run()>
r0!android.app.Activity$26@<android.app.Activity$26: void run()>
$r1!android.app.Activity@<android.app.Activity$26: void run()>
this@<android.app.Activity$25: void run()>
r0!android.app.Activity$25@<android.app.Activity$25: void run()>
$r1!android.app.Activity@<android.app.Activity$25: void run()>
this@<android.app.Activity$28: void run()>
r0!android.app.Activity$28@<android.app.Activity$28: void run()>
$r1!android.app.Activity@<android.app.Activity$28: void run()>
this@<android.app.Activity$27: void run()>
r0!android.app.Activity$27@<android.app.Activity$27: void run()>
$r1!android.app.Activity@<android.app.Activity$27: void run()>
this@<android.app.Activity$29: void run()>
r0!android.app.Activity$29@<android.app.Activity$29: void run()>
$r1!android.app.Activity@<android.app.Activity$29: void run()>
this@<android.app.Activity$31: void run()>
r0!android.app.Activity$31@<android.app.Activity$31: void run()>
$r1!android.app.Activity@<android.app.Activity$31: void run()>
this@<android.app.Activity$30: void run()>
r0!android.app.Activity$30@<android.app.Activity$30: void run()>
$r1!android.app.Activity@<android.app.Activity$30: void run()>
this@<android.app.Activity$35: void run()>
r0!android.app.Activity$35@<android.app.Activity$35: void run()>
$r1!android.app.Activity@<android.app.Activity$35: void run()>
this@<android.app.Activity$34: void run()>
r0!android.app.Activity$34@<android.app.Activity$34: void run()>
$r1!android.app.Activity@<android.app.Activity$34: void run()>
this@<android.app.Activity$33: void run()>
r0!android.app.Activity$33@<android.app.Activity$33: void run()>
$r1!android.app.Activity@<android.app.Activity$33: void run()>
this@<android.app.Activity$32: void run()>
r0!android.app.Activity$32@<android.app.Activity$32: void run()>
$r1!android.app.Activity@<android.app.Activity$32: void run()>
this@<android.app.Activity$39: void run()>
r0!android.app.Activity$39@<android.app.Activity$39: void run()>
$r1!android.app.Activity@<android.app.Activity$39: void run()>
this@<android.app.Activity$38: void run()>
r0!android.app.Activity$38@<android.app.Activity$38: void run()>
$r1!android.app.Activity@<android.app.Activity$38: void run()>
this@<android.app.Activity$37: void run()>
r0!android.app.Activity$37@<android.app.Activity$37: void run()>
$r1!android.app.Activity@<android.app.Activity$37: void run()>
this@<android.app.Activity$36: void run()>
r0!android.app.Activity$36@<android.app.Activity$36: void run()>
$r1!android.app.Activity@<android.app.Activity$36: void run()>
this@<android.app.Activity$40: void run()>
r0!android.app.Activity$40@<android.app.Activity$40: void run()>
$r1!android.app.Activity@<android.app.Activity$40: void run()>
this@<android.app.Activity$42: void run()>
r0!android.app.Activity$42@<android.app.Activity$42: void run()>
$r1!android.app.Activity@<android.app.Activity$42: void run()>
this@<android.app.Activity$41: void run()>
r0!android.app.Activity$41@<android.app.Activity$41: void run()>
$r1!android.app.Activity@<android.app.Activity$41: void run()>
this@<android.app.Activity$48: void run()>
r0!android.app.Activity$48@<android.app.Activity$48: void run()>
$r1!android.app.Activity@<android.app.Activity$48: void run()>
this@<android.app.Activity$47: void run()>
r0!android.app.Activity$47@<android.app.Activity$47: void run()>
$r1!android.app.Activity@<android.app.Activity$47: void run()>
this@<android.app.Activity$49: void run()>
r0!android.app.Activity$49@<android.app.Activity$49: void run()>
$r1!android.app.Activity@<android.app.Activity$49: void run()>
this@<android.app.Activity$44: void run()>
r0!android.app.Activity$44@<android.app.Activity$44: void run()>
$r1!android.app.Activity@<android.app.Activity$44: void run()>
this@<android.app.Activity$43: void run()>
r0!android.app.Activity$43@<android.app.Activity$43: void run()>
$r1!android.app.Activity@<android.app.Activity$43: void run()>
this@<android.app.Activity$46: void run()>
r0!android.app.Activity$46@<android.app.Activity$46: void run()>
$r1!android.app.Activity@<android.app.Activity$46: void run()>
this@<android.app.Activity$45: void run()>
r0!android.app.Activity$45@<android.app.Activity$45: void run()>
$r1!android.app.Activity@<android.app.Activity$45: void run()>
this@<android.app.Activity$53: void run()>
r0!android.app.Activity$53@<android.app.Activity$53: void run()>
$r1!android.content.Intent@<android.app.Activity$53: void run()>
$r2!android.app.Activity@<android.app.Activity$53: void run()>
this@<android.app.Activity$52: void run()>
r0!android.app.Activity$52@<android.app.Activity$52: void run()>
$r1!android.app.Activity@<android.app.Activity$52: void run()>
this@<android.app.Activity$51: void run()>
r0!android.app.Activity$51@<android.app.Activity$51: void run()>
$r1!android.app.Activity@<android.app.Activity$51: void run()>
this@<android.app.Activity$50: void run()>
r0!android.app.Activity$50@<android.app.Activity$50: void run()>
$r1!android.app.Activity@<android.app.Activity$50: void run()>
this@<android.app.Activity$54: void run()>
r0!android.app.Activity$54@<android.app.Activity$54: void run()>
$r1!android.content.Intent@<android.app.Activity$54: void run()>
$r2!android.app.Activity@<android.app.Activity$54: void run()>
this@<android.view.View$4: void run()>
r0!android.view.View$4@<android.view.View$4: void run()>
$r1!android.view.View$OnLongClickListener@<android.view.View$4: void run()>
$r2!android.view.View@<android.view.View$4: void run()>
this@<android.view.View$3: void run()>
r0!android.view.View$3@<android.view.View$3: void run()>
$r1!android.view.View$OnClickListener@<android.view.View$3: void run()>
$r2!android.view.View@<android.view.View$3: void run()>
this@<android.view.View$2: void run()>
r0!android.view.View$2@<android.view.View$2: void run()>
$r1!android.view.View$OnFocusChangeListener@<android.view.View$2: void run()>
$r2!android.view.View@<android.view.View$2: void run()>
this@<android.view.View$1: void run()>
r0!android.view.View$1@<android.view.View$1: void run()>
$r1!android.view.View@<android.view.View$1: void run()>
$r2!android.view.View@<android.view.View$1: void run()>
$r3!android.view.View@<android.view.View$1: void run()>
$r4!android.view.View@<android.view.View$1: void run()>
$r5!android.view.View@<android.view.View$1: void run()>
$r6!android.view.View@<android.view.View$1: void run()>
$r7!android.view.View@<android.view.View$1: void run()>
$r8!android.view.View@<android.view.View$1: void run()>
$r9!android.view.View@<android.view.View$1: void run()>
$r10!android.view.View@<android.view.View$1: void run()>
$r11!android.view.View@<android.view.View$1: void run()>
$r12!android.view.View@<android.view.View$1: void run()>
$r13!android.view.View@<android.view.View$1: void run()>
$r14!android.view.View@<android.view.View$1: void run()>
this@<android.view.View$6: void run()>
r0!android.view.View$6@<android.view.View$6: void run()>
$r1!android.view.View$OnKeyListener@<android.view.View$6: void run()>
$r2!android.view.View@<android.view.View$6: void run()>
this@<android.view.View$5: void run()>
r0!android.view.View$5@<android.view.View$5: void run()>
$r1!android.view.View$OnCreateContextMenuListener@<android.view.View$5: void run()>
$r2!android.view.View@<android.view.View$5: void run()>
this@<android.view.View$7: void run()>
r0!android.view.View$7@<android.view.View$7: void run()>
$r1!android.view.View$OnTouchListener@<android.view.View$7: void run()>
$r2!android.view.View@<android.view.View$7: void run()>
this@<android.app.Fragment$1: void run()>
r0!android.app.Fragment$1@<android.app.Fragment$1: void run()>
$r1!android.app.Fragment@<android.app.Fragment$1: void run()>
$r2!android.app.Fragment@<android.app.Fragment$1: void run()>
$r3!android.app.Fragment@<android.app.Fragment$1: void run()>
$r4!android.app.Fragment@<android.app.Fragment$1: void run()>
$r5!android.app.Fragment@<android.app.Fragment$1: void run()>
$r6!android.app.Fragment@<android.app.Fragment$1: void run()>
$r7!android.app.Fragment@<android.app.Fragment$1: void run()>
$r8!android.app.Fragment@<android.app.Fragment$1: void run()>
$r10!android.app.Fragment@<android.app.Fragment$1: void run()>
$r11!android.app.Fragment@<android.app.Fragment$1: void run()>
$r12!android.app.Fragment@<android.app.Fragment$1: void run()>
$r13!android.app.Fragment@<android.app.Fragment$1: void run()>
$r14!android.app.Fragment@<android.app.Fragment$1: void run()>
$r15!android.app.Fragment@<android.app.Fragment$1: void run()>
$r16!android.app.Fragment@<android.app.Fragment$1: void run()>
$r17!android.app.Fragment@<android.app.Fragment$1: void run()>
$r18!android.app.Fragment@<android.app.Fragment$1: void run()>
$r19!android.app.Fragment@<android.app.Fragment$1: void run()>
$r20!android.app.Fragment@<android.app.Fragment$1: void run()>
$r21!android.app.Fragment@<android.app.Fragment$1: void run()>
$r22!android.app.Fragment@<android.app.Fragment$1: void run()>
$r23!android.app.Fragment@<android.app.Fragment$1: void run()>
$r24!android.app.Fragment@<android.app.Fragment$1: void run()>
$r25!android.app.Fragment@<android.app.Fragment$1: void run()>
$r26!android.app.Fragment@<android.app.Fragment$1: void run()>
$r27!android.app.Fragment@<android.app.Fragment$1: void run()>
$r28!android.app.Fragment@<android.app.Fragment$1: void run()>
this@<android.content.ContextWrapper$1: void run()>
r0!android.content.ContextWrapper$1@<android.content.ContextWrapper$1: void run()>
$r1!android.content.Intent@<android.content.ContextWrapper$1: void run()>
$r2!android.content.BroadcastReceiver@<android.content.ContextWrapper$1: void run()>
$r3!android.content.ContextWrapper@<android.content.ContextWrapper$1: void run()>
this@<android.content.ContextWrapper$2: void run()>
r0!android.content.ContextWrapper$2@<android.content.ContextWrapper$2: void run()>
$r1!android.content.Intent@<android.content.ContextWrapper$2: void run()>
$r2!android.content.BroadcastReceiver@<android.content.ContextWrapper$2: void run()>
$r3!android.content.ContextWrapper@<android.content.ContextWrapper$2: void run()>
this@<android.content.ContentResolver$1: void run()>
r0!android.content.ContentResolver$1@<android.content.ContentResolver$1: void run()>
$r1!android.database.ContentObserver@<android.content.ContentResolver$1: void run()>
this@<android.os.Handler$5: void run()>
r0!android.os.Handler$5@<android.os.Handler$5: void run()>
r1!java.lang.InterruptedException@<android.os.Handler$5: void run()>
$r2!java.lang.InterruptedException@<android.os.Handler$5: void run()>
$r3!android.os.Handler@<android.os.Handler$5: void run()>
$r4!android.os.Message@<android.os.Handler$5: void run()>
this@<android.os.Handler$11: void run()>
r0!android.os.Handler$11@<android.os.Handler$11: void run()>
$r1!java.lang.Runnable@<android.os.Handler$11: void run()>
this@<android.os.Handler$6: void run()>
r0!android.os.Handler$6@<android.os.Handler$6: void run()>
$r1!android.os.Handler@<android.os.Handler$6: void run()>
$r2!android.os.Message@<android.os.Handler$6: void run()>
this@<android.os.Handler$10: void run()>
r0!android.os.Handler$10@<android.os.Handler$10: void run()>
$r1!java.lang.Runnable@<android.os.Handler$10: void run()>
this@<android.os.Handler$7: void run()>
r0!android.os.Handler$7@<android.os.Handler$7: void run()>
$r1!android.os.Handler@<android.os.Handler$7: void run()>
$r2!android.os.Message@<android.os.Handler$7: void run()>
this@<android.os.Handler$8: void run()>
r0!android.os.Handler$8@<android.os.Handler$8: void run()>
$r1!java.lang.Runnable@<android.os.Handler$8: void run()>
this@<android.os.Handler$12: void run()>
r0!android.os.Handler$12@<android.os.Handler$12: void run()>
$r1!java.lang.Runnable@<android.os.Handler$12: void run()>
this@<android.os.Handler$9: void run()>
r0!android.os.Handler$9@<android.os.Handler$9: void run()>
$r1!java.lang.Runnable@<android.os.Handler$9: void run()>
this@<android.os.Handler$2: void run()>
r0!android.os.Handler$2@<android.os.Handler$2: void run()>
$r1!android.os.Handler@<android.os.Handler$2: void run()>
this@<android.os.Handler$1: void run()>
r0!android.os.Handler$1@<android.os.Handler$1: void run()>
$r1!android.os.Handler@<android.os.Handler$1: void run()>
this@<android.os.Handler$4: void run()>
r0!android.os.Handler$4@<android.os.Handler$4: void run()>
$r1!android.os.Handler@<android.os.Handler$4: void run()>
$r2!android.os.Message@<android.os.Handler$4: void run()>
this@<android.os.Handler$3: void run()>
r0!android.os.Handler$3@<android.os.Handler$3: void run()>
$r1!android.os.Handler@<android.os.Handler$3: void run()>
this@<android.content.BroadcastReceiver$1: void run()>
r0!android.content.BroadcastReceiver$1@<android.content.BroadcastReceiver$1: void run()>
$r1!android.content.Intent@<android.content.BroadcastReceiver$1: void run()>
$r2!android.content.BroadcastReceiver@<android.content.BroadcastReceiver$1: void run()>
this@<android.telephony.TelephonyManager$1: void run()>
r0!android.telephony.TelephonyManager$1@<android.telephony.TelephonyManager$1: void run()>
$r1!android.telephony.PhoneStateListener@<android.telephony.TelephonyManager$1: void run()>
$r2!android.telephony.TelephonyManager@<android.telephony.TelephonyManager$1: void run()>
$r3!java.lang.String@<android.telephony.TelephonyManager$1: void run()>
$r4!android.telephony.PhoneStateListener@<android.telephony.TelephonyManager$1: void run()>
$r5!android.telephony.TelephonyManager@<android.telephony.TelephonyManager$1: void run()>
$r6!android.telephony.CellLocation@<android.telephony.TelephonyManager$1: void run()>
this@<android.location.LocationManager$2: void run()>
r0!android.location.LocationManager$2@<android.location.LocationManager$2: void run()>
$r1!android.location.GpsStatus$NmeaListener@<android.location.LocationManager$2: void run()>
$r2!android.location.LocationManager@<android.location.LocationManager$2: void run()>
$r3!java.lang.String@<android.location.LocationManager$2: void run()>
this@<android.location.LocationManager$1: void run()>
r0!android.location.LocationManager$1@<android.location.LocationManager$1: void run()>
$r1!android.location.LocationListener@<android.location.LocationManager$1: void run()>
$r2!android.location.LocationManager@<android.location.LocationManager$1: void run()>
$r3!android.location.Location@<android.location.LocationManager$1: void run()>
$r0!android.telephony.TelephonyManager@<android.telephony.TelephonyManager: void <clinit>()>
param$0@<android.telephony.TelephonyManager: java.lang.String access$000(android.telephony.TelephonyManager)>
return@<android.telephony.TelephonyManager: java.lang.String access$000(android.telephony.TelephonyManager)>
r0!android.telephony.TelephonyManager@<android.telephony.TelephonyManager: java.lang.String access$000(android.telephony.TelephonyManager)>
$r1!java.lang.String@<android.telephony.TelephonyManager: java.lang.String access$000(android.telephony.TelephonyManager)>
$r0!android.location.LocationManager@<android.location.LocationManager: void <clinit>()>
param$0@<android.location.LocationManager: java.lang.String access$100(android.location.LocationManager)>
return@<android.location.LocationManager: java.lang.String access$100(android.location.LocationManager)>
r0!android.location.LocationManager@<android.location.LocationManager: java.lang.String access$100(android.location.LocationManager)>
$r1!java.lang.String@<android.location.LocationManager: java.lang.String access$100(android.location.LocationManager)>
param$0@<android.location.LocationManager: android.location.Location access$000(android.location.LocationManager)>
return@<android.location.LocationManager: android.location.Location access$000(android.location.LocationManager)>
r0!android.location.LocationManager@<android.location.LocationManager: android.location.Location access$000(android.location.LocationManager)>
$r1!android.location.Location@<android.location.LocationManager: android.location.Location access$000(android.location.LocationManager)>
this@<java.util.ArrayList: void <init>()>
r0!java.util.ArrayList@<java.util.ArrayList: void <init>()>
$r1!java.lang.RuntimeException@<java.util.ArrayList: void <init>()>
this@<edu.stanford.stamp.harness.ApplicationDriver: void <init>()>
r0!edu.stanford.stamp.harness.ApplicationDriver@<edu.stanford.stamp.harness.ApplicationDriver: void <init>()>
this@<android.app.Activity: void <init>()>
r0!android.app.Activity@<android.app.Activity: void <init>()>
$r2!android.app.Activity$1@<android.app.Activity: void <init>()>
$r4!android.app.Activity$2@<android.app.Activity: void <init>()>
$r6!android.app.Activity$3@<android.app.Activity: void <init>()>
$r8!android.app.Activity$4@<android.app.Activity: void <init>()>
$r10!android.app.Activity$5@<android.app.Activity: void <init>()>
$r12!android.app.Activity$6@<android.app.Activity: void <init>()>
$r14!android.app.Activity$7@<android.app.Activity: void <init>()>
$r16!android.app.Activity$8@<android.app.Activity: void <init>()>
$r18!android.app.Activity$9@<android.app.Activity: void <init>()>
$r20!android.app.Activity$10@<android.app.Activity: void <init>()>
$r22!android.app.Activity$11@<android.app.Activity: void <init>()>
$r24!android.app.Activity$12@<android.app.Activity: void <init>()>
$r26!android.app.Activity$13@<android.app.Activity: void <init>()>
$r28!android.app.Activity$14@<android.app.Activity: void <init>()>
$r30!android.app.Activity$15@<android.app.Activity: void <init>()>
$r32!android.app.Activity$16@<android.app.Activity: void <init>()>
$r34!android.app.Activity$17@<android.app.Activity: void <init>()>
$r36!android.app.Activity$18@<android.app.Activity: void <init>()>
$r38!android.app.Activity$19@<android.app.Activity: void <init>()>
$r40!android.app.Activity$20@<android.app.Activity: void <init>()>
$r42!android.app.Activity$21@<android.app.Activity: void <init>()>
$r44!android.app.Activity$22@<android.app.Activity: void <init>()>
$r46!android.app.Activity$23@<android.app.Activity: void <init>()>
$r48!android.app.Activity$24@<android.app.Activity: void <init>()>
$r50!android.app.Activity$25@<android.app.Activity: void <init>()>
$r52!android.app.Activity$26@<android.app.Activity: void <init>()>
$r54!android.app.Activity$27@<android.app.Activity: void <init>()>
$r56!android.app.Activity$28@<android.app.Activity: void <init>()>
$r58!android.app.Activity$29@<android.app.Activity: void <init>()>
$r60!android.app.Activity$30@<android.app.Activity: void <init>()>
$r62!android.app.Activity$31@<android.app.Activity: void <init>()>
$r64!android.app.Activity$32@<android.app.Activity: void <init>()>
$r66!android.app.Activity$33@<android.app.Activity: void <init>()>
$r68!android.app.Activity$34@<android.app.Activity: void <init>()>
$r70!android.app.Activity$35@<android.app.Activity: void <init>()>
$r72!android.app.Activity$36@<android.app.Activity: void <init>()>
$r74!android.app.Activity$37@<android.app.Activity: void <init>()>
$r76!android.app.Activity$38@<android.app.Activity: void <init>()>
$r78!android.app.Activity$39@<android.app.Activity: void <init>()>
$r80!android.app.Activity$40@<android.app.Activity: void <init>()>
$r82!android.app.Activity$41@<android.app.Activity: void <init>()>
$r84!android.app.Activity$42@<android.app.Activity: void <init>()>
$r86!android.app.Activity$43@<android.app.Activity: void <init>()>
$r88!android.app.Activity$44@<android.app.Activity: void <init>()>
$r90!android.app.Activity$45@<android.app.Activity: void <init>()>
$r92!android.app.Activity$46@<android.app.Activity: void <init>()>
$r94!android.app.Activity$47@<android.app.Activity: void <init>()>
$r96!android.app.Activity$48@<android.app.Activity: void <init>()>
$r98!android.app.Activity$49@<android.app.Activity: void <init>()>
$r100!android.app.Activity$50@<android.app.Activity: void <init>()>
$r102!android.app.Activity$51@<android.app.Activity: void <init>()>
$r104!android.app.Activity$52@<android.app.Activity: void <init>()>
param$0@<edu.stanford.stamp.harness.ApplicationDriver: void registerCallback(edu.stanford.stamp.harness.Callback)>
r0!edu.stanford.stamp.harness.Callback@<edu.stanford.stamp.harness.ApplicationDriver: void registerCallback(edu.stanford.stamp.harness.Callback)>
$r1!java.util.List@<edu.stanford.stamp.harness.ApplicationDriver: void registerCallback(edu.stanford.stamp.harness.Callback)>
return@<edu.stanford.stamp.harness.ApplicationDriver: edu.stanford.stamp.harness.ApplicationDriver getInstance()>
$r0!edu.stanford.stamp.harness.ApplicationDriver@<edu.stanford.stamp.harness.ApplicationDriver: edu.stanford.stamp.harness.ApplicationDriver getInstance()>
this@<stamp.stanford.malware.Malware: void onStart()>
$r0!stamp.stanford.malware.Malware@<stamp.stanford.malware.Malware: void onStart()>
this@<stamp.stanford.malware.Malware: void onCreate(android.os.Bundle)>
param$0@<stamp.stanford.malware.Malware: void onCreate(android.os.Bundle)>
$r0!stamp.stanford.malware.Malware@<stamp.stanford.malware.Malware: void onCreate(android.os.Bundle)>
$r1!android.os.Bundle@<stamp.stanford.malware.Malware: void onCreate(android.os.Bundle)>
$r2!java.lang.Object@<stamp.stanford.malware.Malware: void onCreate(android.os.Bundle)>
$r3!java.lang.String@<stamp.stanford.malware.Malware: void onCreate(android.os.Bundle)>
$r5!stamp.stanford.malware.Malware$MyLocationListener@<stamp.stanford.malware.Malware: void onCreate(android.os.Bundle)>
$r6!java.lang.Object@<stamp.stanford.malware.Malware: void onCreate(android.os.Bundle)>
$r7!android.location.LocationManager@<stamp.stanford.malware.Malware: void onCreate(android.os.Bundle)>
$n0!null_type@<stamp.stanford.malware.Malware: void onCreate(android.os.Bundle)>
$r8!java.lang.String@<stamp.stanford.malware.Malware: void onCreate(android.os.Bundle)>
shord.analyses.CastVarNode@6856659
this@<android.content.Intent: void <init>()>
r0!android.content.Intent@<android.content.Intent: void <init>()>
$r1!android.os.Bundle@<android.content.Intent: void <init>()>
$r2!java.lang.RuntimeException@<android.content.Intent: void <init>()>
this@<android.telephony.TelephonyManager: android.telephony.CellLocation getCellLocation()>
return@<android.telephony.TelephonyManager: android.telephony.CellLocation getCellLocation()>
r0!android.telephony.TelephonyManager@<android.telephony.TelephonyManager: android.telephony.CellLocation getCellLocation()>
$r1!android.telephony.cdma.CdmaCellLocation@<android.telephony.TelephonyManager: android.telephony.CellLocation getCellLocation()>
$r2!android.telephony.gsm.GsmCellLocation@<android.telephony.TelephonyManager: android.telephony.CellLocation getCellLocation()>
this@<stamp.stanford.malware.Malware$MyLocationListener: void onLocationChanged(android.location.Location)>
param$0@<stamp.stanford.malware.Malware$MyLocationListener: void onLocationChanged(android.location.Location)>
$r0!stamp.stanford.malware.Malware$MyLocationListener@<stamp.stanford.malware.Malware$MyLocationListener: void onLocationChanged(android.location.Location)>
$r1!android.location.Location@<stamp.stanford.malware.Malware$MyLocationListener: void onLocationChanged(android.location.Location)>
$r2!stamp.stanford.malware.Malware$LeakInfo@<stamp.stanford.malware.Malware$MyLocationListener: void onLocationChanged(android.location.Location)>
$r3!stamp.stanford.malware.Malware@<stamp.stanford.malware.Malware$MyLocationListener: void onLocationChanged(android.location.Location)>
$n0!null_type@<stamp.stanford.malware.Malware$MyLocationListener: void onLocationChanged(android.location.Location)>
$r4!java.lang.StringBuilder@<stamp.stanford.malware.Malware$MyLocationListener: void onLocationChanged(android.location.Location)>
$r6!java.lang.String[]@<stamp.stanford.malware.Malware$MyLocationListener: void onLocationChanged(android.location.Location)>
$r7!java.lang.StringBuilder@<stamp.stanford.malware.Malware$MyLocationListener: void onLocationChanged(android.location.Location)>
$r8!java.lang.StringBuilder@<stamp.stanford.malware.Malware$MyLocationListener: void onLocationChanged(android.location.Location)>
$r9!java.lang.String@<stamp.stanford.malware.Malware$MyLocationListener: void onLocationChanged(android.location.Location)>
$r10!java.lang.StringBuilder@<stamp.stanford.malware.Malware$MyLocationListener: void onLocationChanged(android.location.Location)>
$r11!java.lang.StringBuilder@<stamp.stanford.malware.Malware$MyLocationListener: void onLocationChanged(android.location.Location)>
$r12!java.lang.StringBuilder@<stamp.stanford.malware.Malware$MyLocationListener: void onLocationChanged(android.location.Location)>
$r13!java.lang.StringBuilder@<stamp.stanford.malware.Malware$MyLocationListener: void onLocationChanged(android.location.Location)>
$r14!java.lang.String@<stamp.stanford.malware.Malware$MyLocationListener: void onLocationChanged(android.location.Location)>
$r15!java.lang.String@<stamp.stanford.malware.Malware$MyLocationListener: void onLocationChanged(android.location.Location)>
this@<java.lang.RuntimeException: void <init>(java.lang.String)>
param$0@<java.lang.RuntimeException: void <init>(java.lang.String)>
r0!java.lang.RuntimeException@<java.lang.RuntimeException: void <init>(java.lang.String)>
r1!java.lang.String@<java.lang.RuntimeException: void <init>(java.lang.String)>
$r2!java.lang.RuntimeException@<java.lang.RuntimeException: void <init>(java.lang.String)>
this@<android.telephony.TelephonyManager: void <init>()>
r0!android.telephony.TelephonyManager@<android.telephony.TelephonyManager: void <init>()>
$r1!java.lang.RuntimeException@<android.telephony.TelephonyManager: void <init>()>
this@<android.telephony.TelephonyManager: java.lang.String incomingCallNumber()>
return@<android.telephony.TelephonyManager: java.lang.String incomingCallNumber()>
r0!android.telephony.TelephonyManager@<android.telephony.TelephonyManager: java.lang.String incomingCallNumber()>
$r1!java.lang.String@<android.telephony.TelephonyManager: java.lang.String incomingCallNumber()>
this@<android.location.LocationManager: void <init>()>
r0!android.location.LocationManager@<android.location.LocationManager: void <init>()>
$r1!java.lang.RuntimeException@<android.location.LocationManager: void <init>()>
this@<android.location.LocationManager: java.lang.String getNmea()>
return@<android.location.LocationManager: java.lang.String getNmea()>
r0!android.location.LocationManager@<android.location.LocationManager: java.lang.String getNmea()>
$r1!java.lang.String@<android.location.LocationManager: java.lang.String getNmea()>
this@<android.location.LocationManager: android.location.Location getLocation()>
return@<android.location.LocationManager: android.location.Location getLocation()>
r0!android.location.LocationManager@<android.location.LocationManager: android.location.Location getLocation()>
$r1!android.location.Location@<android.location.LocationManager: android.location.Location getLocation()>
$r2!java.lang.String@<android.location.LocationManager: android.location.Location getLocation()>
shord.analyses.CastVarNode@b5a8e3c
this@<java.util.AbstractList: void <init>()>
r0!java.util.AbstractList@<java.util.AbstractList: void <init>()>
$r1!java.lang.RuntimeException@<java.util.AbstractList: void <init>()>
this@<android.view.ContextThemeWrapper: void <init>()>
r0!android.view.ContextThemeWrapper@<android.view.ContextThemeWrapper: void <init>()>
$r1!android.content.Context@<android.view.ContextThemeWrapper: void <init>()>
$r2!java.lang.RuntimeException@<android.view.ContextThemeWrapper: void <init>()>
shord.analyses.CastVarNode@5e3a63fd
this@<android.app.Activity$1: void <init>(android.app.Activity)>
param$0@<android.app.Activity$1: void <init>(android.app.Activity)>
r0!android.app.Activity$1@<android.app.Activity$1: void <init>(android.app.Activity)>
r1!android.app.Activity@<android.app.Activity$1: void <init>(android.app.Activity)>
this@<android.app.Activity$2: void <init>(android.app.Activity)>
param$0@<android.app.Activity$2: void <init>(android.app.Activity)>
r0!android.app.Activity$2@<android.app.Activity$2: void <init>(android.app.Activity)>
r1!android.app.Activity@<android.app.Activity$2: void <init>(android.app.Activity)>
this@<android.app.Activity$3: void <init>(android.app.Activity)>
param$0@<android.app.Activity$3: void <init>(android.app.Activity)>
r0!android.app.Activity$3@<android.app.Activity$3: void <init>(android.app.Activity)>
r1!android.app.Activity@<android.app.Activity$3: void <init>(android.app.Activity)>
this@<android.app.Activity$4: void <init>(android.app.Activity)>
param$0@<android.app.Activity$4: void <init>(android.app.Activity)>
r0!android.app.Activity$4@<android.app.Activity$4: void <init>(android.app.Activity)>
r1!android.app.Activity@<android.app.Activity$4: void <init>(android.app.Activity)>
this@<android.app.Activity$5: void <init>(android.app.Activity)>
param$0@<android.app.Activity$5: void <init>(android.app.Activity)>
r0!android.app.Activity$5@<android.app.Activity$5: void <init>(android.app.Activity)>
r1!android.app.Activity@<android.app.Activity$5: void <init>(android.app.Activity)>
this@<android.app.Activity$6: void <init>(android.app.Activity)>
param$0@<android.app.Activity$6: void <init>(android.app.Activity)>
r0!android.app.Activity$6@<android.app.Activity$6: void <init>(android.app.Activity)>
r1!android.app.Activity@<android.app.Activity$6: void <init>(android.app.Activity)>
this@<android.app.Activity$7: void <init>(android.app.Activity)>
param$0@<android.app.Activity$7: void <init>(android.app.Activity)>
r0!android.app.Activity$7@<android.app.Activity$7: void <init>(android.app.Activity)>
r1!android.app.Activity@<android.app.Activity$7: void <init>(android.app.Activity)>
this@<android.app.Activity$8: void <init>(android.app.Activity)>
param$0@<android.app.Activity$8: void <init>(android.app.Activity)>
r0!android.app.Activity$8@<android.app.Activity$8: void <init>(android.app.Activity)>
r1!android.app.Activity@<android.app.Activity$8: void <init>(android.app.Activity)>
this@<android.app.Activity$9: void <init>(android.app.Activity)>
param$0@<android.app.Activity$9: void <init>(android.app.Activity)>
r0!android.app.Activity$9@<android.app.Activity$9: void <init>(android.app.Activity)>
r1!android.app.Activity@<android.app.Activity$9: void <init>(android.app.Activity)>
this@<android.app.Activity$10: void <init>(android.app.Activity)>
param$0@<android.app.Activity$10: void <init>(android.app.Activity)>
r0!android.app.Activity$10@<android.app.Activity$10: void <init>(android.app.Activity)>
r1!android.app.Activity@<android.app.Activity$10: void <init>(android.app.Activity)>
this@<android.app.Activity$11: void <init>(android.app.Activity)>
param$0@<android.app.Activity$11: void <init>(android.app.Activity)>
r0!android.app.Activity$11@<android.app.Activity$11: void <init>(android.app.Activity)>
r1!android.app.Activity@<android.app.Activity$11: void <init>(android.app.Activity)>
this@<android.app.Activity$12: void <init>(android.app.Activity)>
param$0@<android.app.Activity$12: void <init>(android.app.Activity)>
r0!android.app.Activity$12@<android.app.Activity$12: void <init>(android.app.Activity)>
r1!android.app.Activity@<android.app.Activity$12: void <init>(android.app.Activity)>
this@<android.app.Activity$13: void <init>(android.app.Activity)>
param$0@<android.app.Activity$13: void <init>(android.app.Activity)>
r0!android.app.Activity$13@<android.app.Activity$13: void <init>(android.app.Activity)>
r1!android.app.Activity@<android.app.Activity$13: void <init>(android.app.Activity)>
this@<android.app.Activity$14: void <init>(android.app.Activity)>
param$0@<android.app.Activity$14: void <init>(android.app.Activity)>
r0!android.app.Activity$14@<android.app.Activity$14: void <init>(android.app.Activity)>
r1!android.app.Activity@<android.app.Activity$14: void <init>(android.app.Activity)>
this@<android.app.Activity$15: void <init>(android.app.Activity)>
param$0@<android.app.Activity$15: void <init>(android.app.Activity)>
r0!android.app.Activity$15@<android.app.Activity$15: void <init>(android.app.Activity)>
r1!android.app.Activity@<android.app.Activity$15: void <init>(android.app.Activity)>
this@<android.app.Activity$16: void <init>(android.app.Activity)>
param$0@<android.app.Activity$16: void <init>(android.app.Activity)>
r0!android.app.Activity$16@<android.app.Activity$16: void <init>(android.app.Activity)>
r1!android.app.Activity@<android.app.Activity$16: void <init>(android.app.Activity)>
this@<android.app.Activity$17: void <init>(android.app.Activity)>
param$0@<android.app.Activity$17: void <init>(android.app.Activity)>
r0!android.app.Activity$17@<android.app.Activity$17: void <init>(android.app.Activity)>
r1!android.app.Activity@<android.app.Activity$17: void <init>(android.app.Activity)>
this@<android.app.Activity$18: void <init>(android.app.Activity)>
param$0@<android.app.Activity$18: void <init>(android.app.Activity)>
r0!android.app.Activity$18@<android.app.Activity$18: void <init>(android.app.Activity)>
r1!android.app.Activity@<android.app.Activity$18: void <init>(android.app.Activity)>
this@<android.app.Activity$19: void <init>(android.app.Activity)>
param$0@<android.app.Activity$19: void <init>(android.app.Activity)>
r0!android.app.Activity$19@<android.app.Activity$19: void <init>(android.app.Activity)>
r1!android.app.Activity@<android.app.Activity$19: void <init>(android.app.Activity)>
this@<android.app.Activity$20: void <init>(android.app.Activity)>
param$0@<android.app.Activity$20: void <init>(android.app.Activity)>
r0!android.app.Activity$20@<android.app.Activity$20: void <init>(android.app.Activity)>
r1!android.app.Activity@<android.app.Activity$20: void <init>(android.app.Activity)>
this@<android.app.Activity$21: void <init>(android.app.Activity)>
param$0@<android.app.Activity$21: void <init>(android.app.Activity)>
r0!android.app.Activity$21@<android.app.Activity$21: void <init>(android.app.Activity)>
r1!android.app.Activity@<android.app.Activity$21: void <init>(android.app.Activity)>
this@<android.app.Activity$22: void <init>(android.app.Activity)>
param$0@<android.app.Activity$22: void <init>(android.app.Activity)>
r0!android.app.Activity$22@<android.app.Activity$22: void <init>(android.app.Activity)>
r1!android.app.Activity@<android.app.Activity$22: void <init>(android.app.Activity)>
this@<android.app.Activity$23: void <init>(android.app.Activity)>
param$0@<android.app.Activity$23: void <init>(android.app.Activity)>
r0!android.app.Activity$23@<android.app.Activity$23: void <init>(android.app.Activity)>
r1!android.app.Activity@<android.app.Activity$23: void <init>(android.app.Activity)>
this@<android.app.Activity$24: void <init>(android.app.Activity)>
param$0@<android.app.Activity$24: void <init>(android.app.Activity)>
r0!android.app.Activity$24@<android.app.Activity$24: void <init>(android.app.Activity)>
r1!android.app.Activity@<android.app.Activity$24: void <init>(android.app.Activity)>
this@<android.app.Activity$25: void <init>(android.app.Activity)>
param$0@<android.app.Activity$25: void <init>(android.app.Activity)>
r0!android.app.Activity$25@<android.app.Activity$25: void <init>(android.app.Activity)>
r1!android.app.Activity@<android.app.Activity$25: void <init>(android.app.Activity)>
this@<android.app.Activity$26: void <init>(android.app.Activity)>
param$0@<android.app.Activity$26: void <init>(android.app.Activity)>
r0!android.app.Activity$26@<android.app.Activity$26: void <init>(android.app.Activity)>
r1!android.app.Activity@<android.app.Activity$26: void <init>(android.app.Activity)>
this@<android.app.Activity$27: void <init>(android.app.Activity)>
param$0@<android.app.Activity$27: void <init>(android.app.Activity)>
r0!android.app.Activity$27@<android.app.Activity$27: void <init>(android.app.Activity)>
r1!android.app.Activity@<android.app.Activity$27: void <init>(android.app.Activity)>
this@<android.app.Activity$28: void <init>(android.app.Activity)>
param$0@<android.app.Activity$28: void <init>(android.app.Activity)>
r0!android.app.Activity$28@<android.app.Activity$28: void <init>(android.app.Activity)>
r1!android.app.Activity@<android.app.Activity$28: void <init>(android.app.Activity)>
this@<android.app.Activity$29: void <init>(android.app.Activity)>
param$0@<android.app.Activity$29: void <init>(android.app.Activity)>
r0!android.app.Activity$29@<android.app.Activity$29: void <init>(android.app.Activity)>
r1!android.app.Activity@<android.app.Activity$29: void <init>(android.app.Activity)>
this@<android.app.Activity$30: void <init>(android.app.Activity)>
param$0@<android.app.Activity$30: void <init>(android.app.Activity)>
r0!android.app.Activity$30@<android.app.Activity$30: void <init>(android.app.Activity)>
r1!android.app.Activity@<android.app.Activity$30: void <init>(android.app.Activity)>
this@<android.app.Activity$31: void <init>(android.app.Activity)>
param$0@<android.app.Activity$31: void <init>(android.app.Activity)>
r0!android.app.Activity$31@<android.app.Activity$31: void <init>(android.app.Activity)>
r1!android.app.Activity@<android.app.Activity$31: void <init>(android.app.Activity)>
this@<android.app.Activity$32: void <init>(android.app.Activity)>
param$0@<android.app.Activity$32: void <init>(android.app.Activity)>
r0!android.app.Activity$32@<android.app.Activity$32: void <init>(android.app.Activity)>
r1!android.app.Activity@<android.app.Activity$32: void <init>(android.app.Activity)>
this@<android.app.Activity$33: void <init>(android.app.Activity)>
param$0@<android.app.Activity$33: void <init>(android.app.Activity)>
r0!android.app.Activity$33@<android.app.Activity$33: void <init>(android.app.Activity)>
r1!android.app.Activity@<android.app.Activity$33: void <init>(android.app.Activity)>
this@<android.app.Activity$34: void <init>(android.app.Activity)>
param$0@<android.app.Activity$34: void <init>(android.app.Activity)>
r0!android.app.Activity$34@<android.app.Activity$34: void <init>(android.app.Activity)>
r1!android.app.Activity@<android.app.Activity$34: void <init>(android.app.Activity)>
this@<android.app.Activity$35: void <init>(android.app.Activity)>
param$0@<android.app.Activity$35: void <init>(android.app.Activity)>
r0!android.app.Activity$35@<android.app.Activity$35: void <init>(android.app.Activity)>
r1!android.app.Activity@<android.app.Activity$35: void <init>(android.app.Activity)>
this@<android.app.Activity$36: void <init>(android.app.Activity)>
param$0@<android.app.Activity$36: void <init>(android.app.Activity)>
r0!android.app.Activity$36@<android.app.Activity$36: void <init>(android.app.Activity)>
r1!android.app.Activity@<android.app.Activity$36: void <init>(android.app.Activity)>
this@<android.app.Activity$37: void <init>(android.app.Activity)>
param$0@<android.app.Activity$37: void <init>(android.app.Activity)>
r0!android.app.Activity$37@<android.app.Activity$37: void <init>(android.app.Activity)>
r1!android.app.Activity@<android.app.Activity$37: void <init>(android.app.Activity)>
this@<android.app.Activity$38: void <init>(android.app.Activity)>
param$0@<android.app.Activity$38: void <init>(android.app.Activity)>
r0!android.app.Activity$38@<android.app.Activity$38: void <init>(android.app.Activity)>
r1!android.app.Activity@<android.app.Activity$38: void <init>(android.app.Activity)>
this@<android.app.Activity$39: void <init>(android.app.Activity)>
param$0@<android.app.Activity$39: void <init>(android.app.Activity)>
r0!android.app.Activity$39@<android.app.Activity$39: void <init>(android.app.Activity)>
r1!android.app.Activity@<android.app.Activity$39: void <init>(android.app.Activity)>
this@<android.app.Activity$40: void <init>(android.app.Activity)>
param$0@<android.app.Activity$40: void <init>(android.app.Activity)>
r0!android.app.Activity$40@<android.app.Activity$40: void <init>(android.app.Activity)>
r1!android.app.Activity@<android.app.Activity$40: void <init>(android.app.Activity)>
this@<android.app.Activity$41: void <init>(android.app.Activity)>
param$0@<android.app.Activity$41: void <init>(android.app.Activity)>
r0!android.app.Activity$41@<android.app.Activity$41: void <init>(android.app.Activity)>
r1!android.app.Activity@<android.app.Activity$41: void <init>(android.app.Activity)>
this@<android.app.Activity$42: void <init>(android.app.Activity)>
param$0@<android.app.Activity$42: void <init>(android.app.Activity)>
r0!android.app.Activity$42@<android.app.Activity$42: void <init>(android.app.Activity)>
r1!android.app.Activity@<android.app.Activity$42: void <init>(android.app.Activity)>
this@<android.app.Activity$43: void <init>(android.app.Activity)>
param$0@<android.app.Activity$43: void <init>(android.app.Activity)>
r0!android.app.Activity$43@<android.app.Activity$43: void <init>(android.app.Activity)>
r1!android.app.Activity@<android.app.Activity$43: void <init>(android.app.Activity)>
this@<android.app.Activity$44: void <init>(android.app.Activity)>
param$0@<android.app.Activity$44: void <init>(android.app.Activity)>
r0!android.app.Activity$44@<android.app.Activity$44: void <init>(android.app.Activity)>
r1!android.app.Activity@<android.app.Activity$44: void <init>(android.app.Activity)>
this@<android.app.Activity$45: void <init>(android.app.Activity)>
param$0@<android.app.Activity$45: void <init>(android.app.Activity)>
r0!android.app.Activity$45@<android.app.Activity$45: void <init>(android.app.Activity)>
r1!android.app.Activity@<android.app.Activity$45: void <init>(android.app.Activity)>
this@<android.app.Activity$46: void <init>(android.app.Activity)>
param$0@<android.app.Activity$46: void <init>(android.app.Activity)>
r0!android.app.Activity$46@<android.app.Activity$46: void <init>(android.app.Activity)>
r1!android.app.Activity@<android.app.Activity$46: void <init>(android.app.Activity)>
this@<android.app.Activity$47: void <init>(android.app.Activity)>
param$0@<android.app.Activity$47: void <init>(android.app.Activity)>
r0!android.app.Activity$47@<android.app.Activity$47: void <init>(android.app.Activity)>
r1!android.app.Activity@<android.app.Activity$47: void <init>(android.app.Activity)>
this@<android.app.Activity$48: void <init>(android.app.Activity)>
param$0@<android.app.Activity$48: void <init>(android.app.Activity)>
r0!android.app.Activity$48@<android.app.Activity$48: void <init>(android.app.Activity)>
r1!android.app.Activity@<android.app.Activity$48: void <init>(android.app.Activity)>
this@<android.app.Activity$49: void <init>(android.app.Activity)>
param$0@<android.app.Activity$49: void <init>(android.app.Activity)>
r0!android.app.Activity$49@<android.app.Activity$49: void <init>(android.app.Activity)>
r1!android.app.Activity@<android.app.Activity$49: void <init>(android.app.Activity)>
this@<android.app.Activity$50: void <init>(android.app.Activity)>
param$0@<android.app.Activity$50: void <init>(android.app.Activity)>
r0!android.app.Activity$50@<android.app.Activity$50: void <init>(android.app.Activity)>
r1!android.app.Activity@<android.app.Activity$50: void <init>(android.app.Activity)>
this@<android.app.Activity$51: void <init>(android.app.Activity)>
param$0@<android.app.Activity$51: void <init>(android.app.Activity)>
r0!android.app.Activity$51@<android.app.Activity$51: void <init>(android.app.Activity)>
r1!android.app.Activity@<android.app.Activity$51: void <init>(android.app.Activity)>
this@<android.app.Activity$52: void <init>(android.app.Activity)>
param$0@<android.app.Activity$52: void <init>(android.app.Activity)>
r0!android.app.Activity$52@<android.app.Activity$52: void <init>(android.app.Activity)>
r1!android.app.Activity@<android.app.Activity$52: void <init>(android.app.Activity)>
this@<java.util.ArrayList: boolean add(java.lang.Object)>
param$0@<java.util.ArrayList: boolean add(java.lang.Object)>
r0!java.util.ArrayList@<java.util.ArrayList: boolean add(java.lang.Object)>
r1!java.lang.Object@<java.util.ArrayList: boolean add(java.lang.Object)>
this@<android.app.Activity: java.lang.Object getSystemService(java.lang.String)>
param$0@<android.app.Activity: java.lang.Object getSystemService(java.lang.String)>
return@<android.app.Activity: java.lang.Object getSystemService(java.lang.String)>
r0!android.app.Activity@<android.app.Activity: java.lang.Object getSystemService(java.lang.String)>
r1!java.lang.String@<android.app.Activity: java.lang.Object getSystemService(java.lang.String)>
$r2!android.telephony.TelephonyManager@<android.app.Activity: java.lang.Object getSystemService(java.lang.String)>
$r3!android.location.LocationManager@<android.app.Activity: java.lang.Object getSystemService(java.lang.String)>
this@<stamp.stanford.malware.Malware$MyLocationListener: void <init>(stamp.stanford.malware.Malware,stamp.stanford.malware.Malware$1)>
param$0@<stamp.stanford.malware.Malware$MyLocationListener: void <init>(stamp.stanford.malware.Malware,stamp.stanford.malware.Malware$1)>
param$1@<stamp.stanford.malware.Malware$MyLocationListener: void <init>(stamp.stanford.malware.Malware,stamp.stanford.malware.Malware$1)>
$r0!stamp.stanford.malware.Malware$MyLocationListener@<stamp.stanford.malware.Malware$MyLocationListener: void <init>(stamp.stanford.malware.Malware,stamp.stanford.malware.Malware$1)>
$r1!stamp.stanford.malware.Malware@<stamp.stanford.malware.Malware$MyLocationListener: void <init>(stamp.stanford.malware.Malware,stamp.stanford.malware.Malware$1)>
$r2!stamp.stanford.malware.Malware$1@<stamp.stanford.malware.Malware$MyLocationListener: void <init>(stamp.stanford.malware.Malware,stamp.stanford.malware.Malware$1)>
this@<android.location.LocationManager: void requestLocationUpdates(java.lang.String,long,float,android.location.LocationListener)>
param$0@<android.location.LocationManager: void requestLocationUpdates(java.lang.String,long,float,android.location.LocationListener)>
param$3@<android.location.LocationManager: void requestLocationUpdates(java.lang.String,long,float,android.location.LocationListener)>
r0!android.location.LocationManager@<android.location.LocationManager: void requestLocationUpdates(java.lang.String,long,float,android.location.LocationListener)>
r1!java.lang.String@<android.location.LocationManager: void requestLocationUpdates(java.lang.String,long,float,android.location.LocationListener)>
r2!android.location.LocationListener@<android.location.LocationManager: void requestLocationUpdates(java.lang.String,long,float,android.location.LocationListener)>
return@<android.location.LocationManager: android.location.LocationManager getInstance()>
$r0!android.location.LocationManager@<android.location.LocationManager: android.location.LocationManager getInstance()>
return@<android.telephony.TelephonyManager: android.telephony.TelephonyManager getInstance()>
$r0!android.telephony.TelephonyManager@<android.telephony.TelephonyManager: android.telephony.TelephonyManager getInstance()>
this@<android.os.Bundle: void <init>()>
r0!android.os.Bundle@<android.os.Bundle: void <init>()>
$r1!java.lang.RuntimeException@<android.os.Bundle: void <init>()>
this@<android.telephony.cdma.CdmaCellLocation: void <init>()>
r0!android.telephony.cdma.CdmaCellLocation@<android.telephony.cdma.CdmaCellLocation: void <init>()>
$r1!java.lang.RuntimeException@<android.telephony.cdma.CdmaCellLocation: void <init>()>
this@<android.telephony.gsm.GsmCellLocation: void <init>()>
r0!android.telephony.gsm.GsmCellLocation@<android.telephony.gsm.GsmCellLocation: void <init>()>
$r1!java.lang.RuntimeException@<android.telephony.gsm.GsmCellLocation: void <init>()>
this@<stamp.stanford.malware.Malware$LeakInfo: void <init>(stamp.stanford.malware.Malware,stamp.stanford.malware.Malware$1)>
param$0@<stamp.stanford.malware.Malware$LeakInfo: void <init>(stamp.stanford.malware.Malware,stamp.stanford.malware.Malware$1)>
param$1@<stamp.stanford.malware.Malware$LeakInfo: void <init>(stamp.stanford.malware.Malware,stamp.stanford.malware.Malware$1)>
$r0!stamp.stanford.malware.Malware$LeakInfo@<stamp.stanford.malware.Malware$LeakInfo: void <init>(stamp.stanford.malware.Malware,stamp.stanford.malware.Malware$1)>
$r1!stamp.stanford.malware.Malware@<stamp.stanford.malware.Malware$LeakInfo: void <init>(stamp.stanford.malware.Malware,stamp.stanford.malware.Malware$1)>
$r2!stamp.stanford.malware.Malware$1@<stamp.stanford.malware.Malware$LeakInfo: void <init>(stamp.stanford.malware.Malware,stamp.stanford.malware.Malware$1)>
this@<android.os.AsyncTask: android.os.AsyncTask execute(java.lang.Object[])>
param$0@<android.os.AsyncTask: android.os.AsyncTask execute(java.lang.Object[])>
return@<android.os.AsyncTask: android.os.AsyncTask execute(java.lang.Object[])>
r0!android.os.AsyncTask@<android.os.AsyncTask: android.os.AsyncTask execute(java.lang.Object[])>
r1!java.lang.Object[]@<android.os.AsyncTask: android.os.AsyncTask execute(java.lang.Object[])>
r2!java.lang.Object@<android.os.AsyncTask: android.os.AsyncTask execute(java.lang.Object[])>
this@<java.lang.StringBuilder: void <init>()>
r0!java.lang.StringBuilder@<java.lang.StringBuilder: void <init>()>
$r1!java.lang.RuntimeException@<java.lang.StringBuilder: void <init>()>
this@<java.lang.StringBuilder: java.lang.StringBuilder append(double)>
return@<java.lang.StringBuilder: java.lang.StringBuilder append(double)>
r0!java.lang.StringBuilder@<java.lang.StringBuilder: java.lang.StringBuilder append(double)>
this@<android.location.Location: double getLatitude()>
r0!android.location.Location@<android.location.Location: double getLatitude()>
this@<android.location.Location: double getLongitude()>
r0!android.location.Location@<android.location.Location: double getLongitude()>
this@<java.lang.StringBuilder: java.lang.StringBuilder append(java.lang.String)>
param$0@<java.lang.StringBuilder: java.lang.StringBuilder append(java.lang.String)>
return@<java.lang.StringBuilder: java.lang.StringBuilder append(java.lang.String)>
r0!java.lang.StringBuilder@<java.lang.StringBuilder: java.lang.StringBuilder append(java.lang.String)>
r1!java.lang.String@<java.lang.StringBuilder: java.lang.StringBuilder append(java.lang.String)>
this@<java.lang.StringBuilder: java.lang.String toString()>
return@<java.lang.StringBuilder: java.lang.String toString()>
r0!java.lang.StringBuilder@<java.lang.StringBuilder: java.lang.String toString()>
$r1!java.lang.String@<java.lang.StringBuilder: java.lang.String toString()>
this@<java.lang.Exception: void <init>()>
r0!java.lang.Exception@<java.lang.Exception: void <init>()>
$r1!java.lang.RuntimeException@<java.lang.Exception: void <init>()>
this@<java.lang.String: void <init>()>
r0!java.lang.String@<java.lang.String: void <init>()>
$r1!java.lang.RuntimeException@<java.lang.String: void <init>()>
this@<android.location.Location: void <init>(java.lang.String)>
param$0@<android.location.Location: void <init>(java.lang.String)>
r0!android.location.Location@<android.location.Location: void <init>(java.lang.String)>
r1!java.lang.String@<android.location.Location: void <init>(java.lang.String)>
$r2!java.lang.RuntimeException@<android.location.Location: void <init>(java.lang.String)>
this@<java.util.AbstractCollection: void <init>()>
r0!java.util.AbstractCollection@<java.util.AbstractCollection: void <init>()>
$r1!java.lang.RuntimeException@<java.util.AbstractCollection: void <init>()>
this@<android.content.ContextWrapper: void <init>(android.content.Context)>
param$0@<android.content.ContextWrapper: void <init>(android.content.Context)>
r0!android.content.ContextWrapper@<android.content.ContextWrapper: void <init>(android.content.Context)>
r1!android.content.Context@<android.content.ContextWrapper: void <init>(android.content.Context)>
$r2!android.test.mock.MockContentResolver@<android.content.ContextWrapper: void <init>(android.content.Context)>
$r3!java.lang.RuntimeException@<android.content.ContextWrapper: void <init>(android.content.Context)>
this@<edu.stanford.stamp.harness.Callback: void <init>()>
r0!edu.stanford.stamp.harness.Callback@<edu.stanford.stamp.harness.Callback: void <init>()>
this@<java.lang.String: boolean equals(java.lang.Object)>
param$0@<java.lang.String: boolean equals(java.lang.Object)>
this@<stamp.stanford.malware.Malware$MyLocationListener: void <init>(stamp.stanford.malware.Malware)>
param$0@<stamp.stanford.malware.Malware$MyLocationListener: void <init>(stamp.stanford.malware.Malware)>
$r0!stamp.stanford.malware.Malware$MyLocationListener@<stamp.stanford.malware.Malware$MyLocationListener: void <init>(stamp.stanford.malware.Malware)>
$r1!stamp.stanford.malware.Malware@<stamp.stanford.malware.Malware$MyLocationListener: void <init>(stamp.stanford.malware.Malware)>
this@<android.location.LocationManager: void registerListener(android.location.LocationListener)>
param$0@<android.location.LocationManager: void registerListener(android.location.LocationListener)>
r0!android.location.LocationManager@<android.location.LocationManager: void registerListener(android.location.LocationListener)>
r1!android.location.LocationListener@<android.location.LocationManager: void registerListener(android.location.LocationListener)>
$r3!android.location.LocationManager$1@<android.location.LocationManager: void registerListener(android.location.LocationListener)>
this@<android.telephony.CellLocation: void <init>()>
r0!android.telephony.CellLocation@<android.telephony.CellLocation: void <init>()>
$r1!java.lang.RuntimeException@<android.telephony.CellLocation: void <init>()>
this@<stamp.stanford.malware.Malware$LeakInfo: void <init>(stamp.stanford.malware.Malware)>
param$0@<stamp.stanford.malware.Malware$LeakInfo: void <init>(stamp.stanford.malware.Malware)>
$r0!stamp.stanford.malware.Malware$LeakInfo@<stamp.stanford.malware.Malware$LeakInfo: void <init>(stamp.stanford.malware.Malware)>
$r1!stamp.stanford.malware.Malware@<stamp.stanford.malware.Malware$LeakInfo: void <init>(stamp.stanford.malware.Malware)>
this@<stamp.stanford.malware.Malware$LeakInfo: java.lang.Object doInBackground(java.lang.Object[])>
param$0@<stamp.stanford.malware.Malware$LeakInfo: java.lang.Object doInBackground(java.lang.Object[])>
return@<stamp.stanford.malware.Malware$LeakInfo: java.lang.Object doInBackground(java.lang.Object[])>
$r0!stamp.stanford.malware.Malware$LeakInfo@<stamp.stanford.malware.Malware$LeakInfo: java.lang.Object doInBackground(java.lang.Object[])>
$r1!java.lang.Object[]@<stamp.stanford.malware.Malware$LeakInfo: java.lang.Object doInBackground(java.lang.Object[])>
$r2!java.lang.Void@<stamp.stanford.malware.Malware$LeakInfo: java.lang.Object doInBackground(java.lang.Object[])>
$r3!java.lang.Void@<stamp.stanford.malware.Malware$LeakInfo: java.lang.Object doInBackground(java.lang.Object[])>
$r4!java.lang.String[]@<stamp.stanford.malware.Malware$LeakInfo: java.lang.Object doInBackground(java.lang.Object[])>
shord.analyses.CastVarNode@78944e57
this@<java.lang.AbstractStringBuilder: void <init>()>
r0!java.lang.AbstractStringBuilder@<java.lang.AbstractStringBuilder: void <init>()>
$r1!java.lang.RuntimeException@<java.lang.AbstractStringBuilder: void <init>()>
this@<java.lang.Throwable: void <init>()>
r0!java.lang.Throwable@<java.lang.Throwable: void <init>()>
$r1!java.lang.RuntimeException@<java.lang.Throwable: void <init>()>
this@<android.content.Context: void <init>()>
r0!android.content.Context@<android.content.Context: void <init>()>
$r1!java.lang.RuntimeException@<android.content.Context: void <init>()>
this@<android.test.mock.MockContentResolver: void <init>()>
r0!android.test.mock.MockContentResolver@<android.test.mock.MockContentResolver: void <init>()>
$r1!android.content.Context@<android.test.mock.MockContentResolver: void <init>()>
$r2!java.lang.RuntimeException@<android.test.mock.MockContentResolver: void <init>()>
shord.analyses.CastVarNode@3ed0c485
this@<android.location.LocationManager$1: void <init>(android.location.LocationManager,android.location.LocationListener)>
param$0@<android.location.LocationManager$1: void <init>(android.location.LocationManager,android.location.LocationListener)>
param$1@<android.location.LocationManager$1: void <init>(android.location.LocationManager,android.location.LocationListener)>
r0!android.location.LocationManager$1@<android.location.LocationManager$1: void <init>(android.location.LocationManager,android.location.LocationListener)>
r1!android.location.LocationManager@<android.location.LocationManager$1: void <init>(android.location.LocationManager,android.location.LocationListener)>
r2!android.location.LocationListener@<android.location.LocationManager$1: void <init>(android.location.LocationManager,android.location.LocationListener)>
this@<android.os.AsyncTask: void <init>()>
r0!android.os.AsyncTask@<android.os.AsyncTask: void <init>()>
$r1!java.lang.RuntimeException@<android.os.AsyncTask: void <init>()>
this@<stamp.stanford.malware.Malware$LeakInfo: java.lang.Void doInBackground(java.lang.String[])>
param$0@<stamp.stanford.malware.Malware$LeakInfo: java.lang.Void doInBackground(java.lang.String[])>
return@<stamp.stanford.malware.Malware$LeakInfo: java.lang.Void doInBackground(java.lang.String[])>
$r0!stamp.stanford.malware.Malware$LeakInfo@<stamp.stanford.malware.Malware$LeakInfo: java.lang.Void doInBackground(java.lang.String[])>
$r1!java.lang.String[]@<stamp.stanford.malware.Malware$LeakInfo: java.lang.Void doInBackground(java.lang.String[])>
$r2!org.apache.http.impl.client.DefaultHttpClient@<stamp.stanford.malware.Malware$LeakInfo: java.lang.Void doInBackground(java.lang.String[])>
$r3!java.lang.String@<stamp.stanford.malware.Malware$LeakInfo: java.lang.Void doInBackground(java.lang.String[])>
$r4!java.net.MalformedURLException@<stamp.stanford.malware.Malware$LeakInfo: java.lang.Void doInBackground(java.lang.String[])>
$r5!org.apache.http.client.methods.HttpGet@<stamp.stanford.malware.Malware$LeakInfo: java.lang.Void doInBackground(java.lang.String[])>
$r6!java.lang.String@<stamp.stanford.malware.Malware$LeakInfo: java.lang.Void doInBackground(java.lang.String[])>
$r7!org.apache.http.HttpEntity@<stamp.stanford.malware.Malware$LeakInfo: java.lang.Void doInBackground(java.lang.String[])>
$r8!org.apache.http.HttpResponse@<stamp.stanford.malware.Malware$LeakInfo: java.lang.Void doInBackground(java.lang.String[])>
$r9!java.lang.String@<stamp.stanford.malware.Malware$LeakInfo: java.lang.Void doInBackground(java.lang.String[])>
$r10!java.lang.String@<stamp.stanford.malware.Malware$LeakInfo: java.lang.Void doInBackground(java.lang.String[])>
$r11!java.lang.String@<stamp.stanford.malware.Malware$LeakInfo: java.lang.Void doInBackground(java.lang.String[])>
$r12!org.apache.http.HttpResponse@<stamp.stanford.malware.Malware$LeakInfo: java.lang.Void doInBackground(java.lang.String[])>
$r13!org.apache.http.HttpEntity@<stamp.stanford.malware.Malware$LeakInfo: java.lang.Void doInBackground(java.lang.String[])>
$r14!java.lang.String@<stamp.stanford.malware.Malware$LeakInfo: java.lang.Void doInBackground(java.lang.String[])>
$r15!java.lang.String@<stamp.stanford.malware.Malware$LeakInfo: java.lang.Void doInBackground(java.lang.String[])>
$n0!null_type@<stamp.stanford.malware.Malware$LeakInfo: java.lang.Void doInBackground(java.lang.String[])>
$r16!java.io.IOException@<stamp.stanford.malware.Malware$LeakInfo: java.lang.Void doInBackground(java.lang.String[])>
param$0@<android.util.Log: int i(java.lang.String,java.lang.String)>
param$1@<android.util.Log: int i(java.lang.String,java.lang.String)>
r0!java.lang.String@<android.util.Log: int i(java.lang.String,java.lang.String)>
r1!java.lang.String@<android.util.Log: int i(java.lang.String,java.lang.String)>
this@<android.content.ContentResolver: void <init>(android.content.Context)>
param$0@<android.content.ContentResolver: void <init>(android.content.Context)>
r0!android.content.ContentResolver@<android.content.ContentResolver: void <init>(android.content.Context)>
r1!android.content.Context@<android.content.ContentResolver: void <init>(android.content.Context)>
$r2!android.test.mock.MockContentProvider@<android.content.ContentResolver: void <init>(android.content.Context)>
$r3!java.lang.RuntimeException@<android.content.ContentResolver: void <init>(android.content.Context)>
this@<org.apache.http.impl.client.DefaultHttpClient: void <init>()>
r0!org.apache.http.impl.client.DefaultHttpClient@<org.apache.http.impl.client.DefaultHttpClient: void <init>()>
$r1!org.apache.http.conn.ClientConnectionManager@<org.apache.http.impl.client.DefaultHttpClient: void <init>()>
$r2!org.apache.http.params.HttpParams@<org.apache.http.impl.client.DefaultHttpClient: void <init>()>
$r3!java.lang.RuntimeException@<org.apache.http.impl.client.DefaultHttpClient: void <init>()>
shord.analyses.CastVarNode@c114107
shord.analyses.CastVarNode@40c438c1
this@<org.apache.http.impl.client.AbstractHttpClient: org.apache.http.HttpResponse execute(org.apache.http.client.methods.HttpUriRequest)>
param$0@<org.apache.http.impl.client.AbstractHttpClient: org.apache.http.HttpResponse execute(org.apache.http.client.methods.HttpUriRequest)>
return@<org.apache.http.impl.client.AbstractHttpClient: org.apache.http.HttpResponse execute(org.apache.http.client.methods.HttpUriRequest)>
r0!org.apache.http.impl.client.AbstractHttpClient@<org.apache.http.impl.client.AbstractHttpClient: org.apache.http.HttpResponse execute(org.apache.http.client.methods.HttpUriRequest)>
r1!org.apache.http.client.methods.HttpUriRequest@<org.apache.http.impl.client.AbstractHttpClient: org.apache.http.HttpResponse execute(org.apache.http.client.methods.HttpUriRequest)>
this@<java.lang.String: java.lang.String concat(java.lang.String)>
param$0@<java.lang.String: java.lang.String concat(java.lang.String)>
return@<java.lang.String: java.lang.String concat(java.lang.String)>
r0!java.lang.String@<java.lang.String: java.lang.String concat(java.lang.String)>
r1!java.lang.String@<java.lang.String: java.lang.String concat(java.lang.String)>
$r2!java.lang.String@<java.lang.String: java.lang.String concat(java.lang.String)>
this@<org.apache.http.client.methods.HttpGet: void <init>(java.lang.String)>
param$0@<org.apache.http.client.methods.HttpGet: void <init>(java.lang.String)>
r0!org.apache.http.client.methods.HttpGet@<org.apache.http.client.methods.HttpGet: void <init>(java.lang.String)>
r1!java.lang.String@<org.apache.http.client.methods.HttpGet: void <init>(java.lang.String)>
this@<android.test.mock.MockContentProvider: void <init>(android.content.Context)>
param$0@<android.test.mock.MockContentProvider: void <init>(android.content.Context)>
r0!android.test.mock.MockContentProvider@<android.test.mock.MockContentProvider: void <init>(android.content.Context)>
r1!android.content.Context@<android.test.mock.MockContentProvider: void <init>(android.content.Context)>
$r2!java.lang.RuntimeException@<android.test.mock.MockContentProvider: void <init>(android.content.Context)>
this@<org.apache.http.impl.client.AbstractHttpClient: void <init>(org.apache.http.conn.ClientConnectionManager,org.apache.http.params.HttpParams)>
param$0@<org.apache.http.impl.client.AbstractHttpClient: void <init>(org.apache.http.conn.ClientConnectionManager,org.apache.http.params.HttpParams)>
param$1@<org.apache.http.impl.client.AbstractHttpClient: void <init>(org.apache.http.conn.ClientConnectionManager,org.apache.http.params.HttpParams)>
r0!org.apache.http.impl.client.AbstractHttpClient@<org.apache.http.impl.client.AbstractHttpClient: void <init>(org.apache.http.conn.ClientConnectionManager,org.apache.http.params.HttpParams)>
r1!org.apache.http.conn.ClientConnectionManager@<org.apache.http.impl.client.AbstractHttpClient: void <init>(org.apache.http.conn.ClientConnectionManager,org.apache.http.params.HttpParams)>
r2!org.apache.http.params.HttpParams@<org.apache.http.impl.client.AbstractHttpClient: void <init>(org.apache.http.conn.ClientConnectionManager,org.apache.http.params.HttpParams)>
$r3!java.lang.RuntimeException@<org.apache.http.impl.client.AbstractHttpClient: void <init>(org.apache.http.conn.ClientConnectionManager,org.apache.http.params.HttpParams)>
this@<org.apache.http.client.methods.HttpRequestBase: void <init>()>
r0!org.apache.http.client.methods.HttpRequestBase@<org.apache.http.client.methods.HttpRequestBase: void <init>()>
$r1!java.lang.RuntimeException@<org.apache.http.client.methods.HttpRequestBase: void <init>()>
this@<android.content.ContentProvider: void <init>()>
r0!android.content.ContentProvider@<android.content.ContentProvider: void <init>()>
$r1!java.lang.RuntimeException@<android.content.ContentProvider: void <init>()>
this@<org.apache.http.message.AbstractHttpMessage: void <init>()>
r0!org.apache.http.message.AbstractHttpMessage@<org.apache.http.message.AbstractHttpMessage: void <init>()>
$r1!java.lang.RuntimeException@<org.apache.http.message.AbstractHttpMessage: void <init>()>
